This is pdfTeX, Version 3.141592653-2.6-1.40.26 (TeX Live 2024) (preloaded format=pdflatex 2024.10.6)  11 NOV 2024 11:53
entering extended mode
 restricted \write18 enabled.
 %&-line parsing enabled.
**main.tex
(./main.tex
LaTeX2e <2024-06-01> patch level 2
L3 programming layer <2024-09-10>
(c:/texlive/2024/texmf-dist/tex/latex/base/article.cls
Document Class: article 2024/02/08 v1.4n Standard LaTeX document class
(c:/texlive/2024/texmf-dist/tex/latex/base/size12.clo
File: size12.clo 2024/02/08 v1.4n Standard LaTeX file (size option)
)
\c@part=\count194
\c@section=\count195
\c@subsection=\count196
\c@subsubsection=\count197
\c@paragraph=\count198
\c@subparagraph=\count199
\c@figure=\count266
\c@table=\count267
\abovecaptionskip=\skip49
\belowcaptionskip=\skip50
\bibindent=\dimen141
)
(c:/texlive/2024/texmf-dist/tex/latex/base/fontenc.sty
Package: fontenc 2021/04/29 v2.0v Standard LaTeX package
)
(c:/texlive/2024/texmf-dist/tex/latex/base/inputenc.sty
Package: inputenc 2024/02/08 v1.3d Input encoding file
\inpenc@prehook=\toks17
\inpenc@posthook=\toks18

(c:/texlive/2024/texmf-dist/tex/latex/ucs/utf8x.def
File: utf8x.def 2023/11/09 UCS: Input encoding UTF-8


Package ucs Info: utf8x disabled, assuming standard utf8 processing
(ucs)             load ucs package to force utf8x processing.

(c:/texlive/2024/texmf-dist/tex/latex/base/utf8.def
File: utf8.def 2022/06/07 v1.3c UTF-8 support
Now handling font encoding OML ...
... no UTF-8 mapping file for font encoding OML
Now handling font encoding OMS ...
... processing UTF-8 mapping file for font encoding OMS

(c:/texlive/2024/texmf-dist/tex/latex/base/omsenc.dfu
File: omsenc.dfu 2022/06/07 v1.3c UTF-8 support
   defining Unicode char U+00A7 (decimal 167)
   defining Unicode char U+00B6 (decimal 182)
   defining Unicode char U+00B7 (decimal 183)
   defining Unicode char U+2020 (decimal 8224)
   defining Unicode char U+2021 (decimal 8225)
   defining Unicode char U+2022 (decimal 8226)
)
Now handling font encoding OT1 ...
... processing UTF-8 mapping file for font encoding OT1

(c:/texlive/2024/texmf-dist/tex/latex/base/ot1enc.dfu
File: ot1enc.dfu 2022/06/07 v1.3c UTF-8 support
   defining Unicode char U+00A0 (decimal 160)
   defining Unicode char U+00A1 (decimal 161)
   defining Unicode char U+00A3 (decimal 163)
   defining Unicode char U+00AD (decimal 173)
   defining Unicode char U+00B8 (decimal 184)
   defining Unicode char U+00BF (decimal 191)
   defining Unicode char U+00C5 (decimal 197)
   defining Unicode char U+00C6 (decimal 198)
   defining Unicode char U+00D8 (decimal 216)
   defining Unicode char U+00DF (decimal 223)
   defining Unicode char U+00E6 (decimal 230)
   defining Unicode char U+00EC (decimal 236)
   defining Unicode char U+00ED (decimal 237)
   defining Unicode char U+00EE (decimal 238)
   defining Unicode char U+00EF (decimal 239)
   defining Unicode char U+00F8 (decimal 248)
   defining Unicode char U+0131 (decimal 305)
   defining Unicode char U+0141 (decimal 321)
   defining Unicode char U+0142 (decimal 322)
   defining Unicode char U+0152 (decimal 338)
   defining Unicode char U+0153 (decimal 339)
   defining Unicode char U+0174 (decimal 372)
   defining Unicode char U+0175 (decimal 373)
   defining Unicode char U+0176 (decimal 374)
   defining Unicode char U+0177 (decimal 375)
   defining Unicode char U+0218 (decimal 536)
   defining Unicode char U+0219 (decimal 537)
   defining Unicode char U+021A (decimal 538)
   defining Unicode char U+021B (decimal 539)
   defining Unicode char U+0237 (decimal 567)
   defining Unicode char U+2013 (decimal 8211)
   defining Unicode char U+2014 (decimal 8212)
   defining Unicode char U+2018 (decimal 8216)
   defining Unicode char U+2019 (decimal 8217)
   defining Unicode char U+201C (decimal 8220)
   defining Unicode char U+201D (decimal 8221)
   defining Unicode char U+FB00 (decimal 64256)
   defining Unicode char U+FB01 (decimal 64257)
   defining Unicode char U+FB02 (decimal 64258)
   defining Unicode char U+FB03 (decimal 64259)
   defining Unicode char U+FB04 (decimal 64260)
   defining Unicode char U+FB05 (decimal 64261)
   defining Unicode char U+FB06 (decimal 64262)
)
Now handling font encoding T1 ...
... processing UTF-8 mapping file for font encoding T1

(c:/texlive/2024/texmf-dist/tex/latex/base/t1enc.dfu
File: t1enc.dfu 2022/06/07 v1.3c UTF-8 support
   defining Unicode char U+00A0 (decimal 160)
   defining Unicode char U+00A1 (decimal 161)
   defining Unicode char U+00A3 (decimal 163)
   defining Unicode char U+00AB (decimal 171)
   defining Unicode char U+00AD (decimal 173)
   defining Unicode char U+00BB (decimal 187)
   defining Unicode char U+00BF (decimal 191)
   defining Unicode char U+00C0 (decimal 192)
   defining Unicode char U+00C1 (decimal 193)
   defining Unicode char U+00C2 (decimal 194)
   defining Unicode char U+00C3 (decimal 195)
   defining Unicode char U+00C4 (decimal 196)
   defining Unicode char U+00C5 (decimal 197)
   defining Unicode char U+00C6 (decimal 198)
   defining Unicode char U+00C7 (decimal 199)
   defining Unicode char U+00C8 (decimal 200)
   defining Unicode char U+00C9 (decimal 201)
   defining Unicode char U+00CA (decimal 202)
   defining Unicode char U+00CB (decimal 203)
   defining Unicode char U+00CC (decimal 204)
   defining Unicode char U+00CD (decimal 205)
   defining Unicode char U+00CE (decimal 206)
   defining Unicode char U+00CF (decimal 207)
   defining Unicode char U+00D0 (decimal 208)
   defining Unicode char U+00D1 (decimal 209)
   defining Unicode char U+00D2 (decimal 210)
   defining Unicode char U+00D3 (decimal 211)
   defining Unicode char U+00D4 (decimal 212)
   defining Unicode char U+00D5 (decimal 213)
   defining Unicode char U+00D6 (decimal 214)
   defining Unicode char U+00D8 (decimal 216)
   defining Unicode char U+00D9 (decimal 217)
   defining Unicode char U+00DA (decimal 218)
   defining Unicode char U+00DB (decimal 219)
   defining Unicode char U+00DC (decimal 220)
   defining Unicode char U+00DD (decimal 221)
   defining Unicode char U+00DE (decimal 222)
   defining Unicode char U+00DF (decimal 223)
   defining Unicode char U+00E0 (decimal 224)
   defining Unicode char U+00E1 (decimal 225)
   defining Unicode char U+00E2 (decimal 226)
   defining Unicode char U+00E3 (decimal 227)
   defining Unicode char U+00E4 (decimal 228)
   defining Unicode char U+00E5 (decimal 229)
   defining Unicode char U+00E6 (decimal 230)
   defining Unicode char U+00E7 (decimal 231)
   defining Unicode char U+00E8 (decimal 232)
   defining Unicode char U+00E9 (decimal 233)
   defining Unicode char U+00EA (decimal 234)
   defining Unicode char U+00EB (decimal 235)
   defining Unicode char U+00EC (decimal 236)
   defining Unicode char U+00ED (decimal 237)
   defining Unicode char U+00EE (decimal 238)
   defining Unicode char U+00EF (decimal 239)
   defining Unicode char U+00F0 (decimal 240)
   defining Unicode char U+00F1 (decimal 241)
   defining Unicode char U+00F2 (decimal 242)
   defining Unicode char U+00F3 (decimal 243)
   defining Unicode char U+00F4 (decimal 244)
   defining Unicode char U+00F5 (decimal 245)
   defining Unicode char U+00F6 (decimal 246)
   defining Unicode char U+00F8 (decimal 248)
   defining Unicode char U+00F9 (decimal 249)
   defining Unicode char U+00FA (decimal 250)
   defining Unicode char U+00FB (decimal 251)
   defining Unicode char U+00FC (decimal 252)
   defining Unicode char U+00FD (decimal 253)
   defining Unicode char U+00FE (decimal 254)
   defining Unicode char U+00FF (decimal 255)
   defining Unicode char U+0100 (decimal 256)
   defining Unicode char U+0101 (decimal 257)
   defining Unicode char U+0102 (decimal 258)
   defining Unicode char U+0103 (decimal 259)
   defining Unicode char U+0104 (decimal 260)
   defining Unicode char U+0105 (decimal 261)
   defining Unicode char U+0106 (decimal 262)
   defining Unicode char U+0107 (decimal 263)
   defining Unicode char U+0108 (decimal 264)
   defining Unicode char U+0109 (decimal 265)
   defining Unicode char U+010A (decimal 266)
   defining Unicode char U+010B (decimal 267)
   defining Unicode char U+010C (decimal 268)
   defining Unicode char U+010D (decimal 269)
   defining Unicode char U+010E (decimal 270)
   defining Unicode char U+010F (decimal 271)
   defining Unicode char U+0110 (decimal 272)
   defining Unicode char U+0111 (decimal 273)
   defining Unicode char U+0112 (decimal 274)
   defining Unicode char U+0113 (decimal 275)
   defining Unicode char U+0114 (decimal 276)
   defining Unicode char U+0115 (decimal 277)
   defining Unicode char U+0116 (decimal 278)
   defining Unicode char U+0117 (decimal 279)
   defining Unicode char U+0118 (decimal 280)
   defining Unicode char U+0119 (decimal 281)
   defining Unicode char U+011A (decimal 282)
   defining Unicode char U+011B (decimal 283)
   defining Unicode char U+011C (decimal 284)
   defining Unicode char U+011D (decimal 285)
   defining Unicode char U+011E (decimal 286)
   defining Unicode char U+011F (decimal 287)
   defining Unicode char U+0120 (decimal 288)
   defining Unicode char U+0121 (decimal 289)
   defining Unicode char U+0122 (decimal 290)
   defining Unicode char U+0123 (decimal 291)
   defining Unicode char U+0124 (decimal 292)
   defining Unicode char U+0125 (decimal 293)
   defining Unicode char U+0128 (decimal 296)
   defining Unicode char U+0129 (decimal 297)
   defining Unicode char U+012A (decimal 298)
   defining Unicode char U+012B (decimal 299)
   defining Unicode char U+012C (decimal 300)
   defining Unicode char U+012D (decimal 301)
   defining Unicode char U+012E (decimal 302)
   defining Unicode char U+012F (decimal 303)
   defining Unicode char U+0130 (decimal 304)
   defining Unicode char U+0131 (decimal 305)
   defining Unicode char U+0132 (decimal 306)
   defining Unicode char U+0133 (decimal 307)
   defining Unicode char U+0134 (decimal 308)
   defining Unicode char U+0135 (decimal 309)
   defining Unicode char U+0136 (decimal 310)
   defining Unicode char U+0137 (decimal 311)
   defining Unicode char U+0139 (decimal 313)
   defining Unicode char U+013A (decimal 314)
   defining Unicode char U+013B (decimal 315)
   defining Unicode char U+013C (decimal 316)
   defining Unicode char U+013D (decimal 317)
   defining Unicode char U+013E (decimal 318)
   defining Unicode char U+0141 (decimal 321)
   defining Unicode char U+0142 (decimal 322)
   defining Unicode char U+0143 (decimal 323)
   defining Unicode char U+0144 (decimal 324)
   defining Unicode char U+0145 (decimal 325)
   defining Unicode char U+0146 (decimal 326)
   defining Unicode char U+0147 (decimal 327)
   defining Unicode char U+0148 (decimal 328)
   defining Unicode char U+014A (decimal 330)
   defining Unicode char U+014B (decimal 331)
   defining Unicode char U+014C (decimal 332)
   defining Unicode char U+014D (decimal 333)
   defining Unicode char U+014E (decimal 334)
   defining Unicode char U+014F (decimal 335)
   defining Unicode char U+0150 (decimal 336)
   defining Unicode char U+0151 (decimal 337)
   defining Unicode char U+0152 (decimal 338)
   defining Unicode char U+0153 (decimal 339)
   defining Unicode char U+0154 (decimal 340)
   defining Unicode char U+0155 (decimal 341)
   defining Unicode char U+0156 (decimal 342)
   defining Unicode char U+0157 (decimal 343)
   defining Unicode char U+0158 (decimal 344)
   defining Unicode char U+0159 (decimal 345)
   defining Unicode char U+015A (decimal 346)
   defining Unicode char U+015B (decimal 347)
   defining Unicode char U+015C (decimal 348)
   defining Unicode char U+015D (decimal 349)
   defining Unicode char U+015E (decimal 350)
   defining Unicode char U+015F (decimal 351)
   defining Unicode char U+0160 (decimal 352)
   defining Unicode char U+0161 (decimal 353)
   defining Unicode char U+0162 (decimal 354)
   defining Unicode char U+0163 (decimal 355)
   defining Unicode char U+0164 (decimal 356)
   defining Unicode char U+0165 (decimal 357)
   defining Unicode char U+0168 (decimal 360)
   defining Unicode char U+0169 (decimal 361)
   defining Unicode char U+016A (decimal 362)
   defining Unicode char U+016B (decimal 363)
   defining Unicode char U+016C (decimal 364)
   defining Unicode char U+016D (decimal 365)
   defining Unicode char U+016E (decimal 366)
   defining Unicode char U+016F (decimal 367)
   defining Unicode char U+0170 (decimal 368)
   defining Unicode char U+0171 (decimal 369)
   defining Unicode char U+0172 (decimal 370)
   defining Unicode char U+0173 (decimal 371)
   defining Unicode char U+0174 (decimal 372)
   defining Unicode char U+0175 (decimal 373)
   defining Unicode char U+0176 (decimal 374)
   defining Unicode char U+0177 (decimal 375)
   defining Unicode char U+0178 (decimal 376)
   defining Unicode char U+0179 (decimal 377)
   defining Unicode char U+017A (decimal 378)
   defining Unicode char U+017B (decimal 379)
   defining Unicode char U+017C (decimal 380)
   defining Unicode char U+017D (decimal 381)
   defining Unicode char U+017E (decimal 382)
   defining Unicode char U+01C4 (decimal 452)
   defining Unicode char U+01C5 (decimal 453)
   defining Unicode char U+01C6 (decimal 454)
   defining Unicode char U+01C7 (decimal 455)
   defining Unicode char U+01C8 (decimal 456)
   defining Unicode char U+01C9 (decimal 457)
   defining Unicode char U+01CA (decimal 458)
   defining Unicode char U+01CB (decimal 459)
   defining Unicode char U+01CC (decimal 460)
   defining Unicode char U+01CD (decimal 461)
   defining Unicode char U+01CE (decimal 462)
   defining Unicode char U+01CF (decimal 463)
   defining Unicode char U+01D0 (decimal 464)
   defining Unicode char U+01D1 (decimal 465)
   defining Unicode char U+01D2 (decimal 466)
   defining Unicode char U+01D3 (decimal 467)
   defining Unicode char U+01D4 (decimal 468)
   defining Unicode char U+01E2 (decimal 482)
   defining Unicode char U+01E3 (decimal 483)
   defining Unicode char U+01E6 (decimal 486)
   defining Unicode char U+01E7 (decimal 487)
   defining Unicode char U+01E8 (decimal 488)
   defining Unicode char U+01E9 (decimal 489)
   defining Unicode char U+01EA (decimal 490)
   defining Unicode char U+01EB (decimal 491)
   defining Unicode char U+01F0 (decimal 496)
   defining Unicode char U+01F4 (decimal 500)
   defining Unicode char U+01F5 (decimal 501)
   defining Unicode char U+0218 (decimal 536)
   defining Unicode char U+0219 (decimal 537)
   defining Unicode char U+021A (decimal 538)
   defining Unicode char U+021B (decimal 539)
   defining Unicode char U+0232 (decimal 562)
   defining Unicode char U+0233 (decimal 563)
   defining Unicode char U+0237 (decimal 567)
   defining Unicode char U+02D9 (decimal 729)
   defining Unicode char U+02DB (decimal 731)
   defining Unicode char U+1E02 (decimal 7682)
   defining Unicode char U+1E03 (decimal 7683)
   defining Unicode char U+1E0D (decimal 7693)
   defining Unicode char U+1E1E (decimal 7710)
   defining Unicode char U+1E1F (decimal 7711)
   defining Unicode char U+1E25 (decimal 7717)
   defining Unicode char U+1E30 (decimal 7728)
   defining Unicode char U+1E31 (decimal 7729)
   defining Unicode char U+1E37 (decimal 7735)
   defining Unicode char U+1E8E (decimal 7822)
   defining Unicode char U+1E8F (decimal 7823)
   defining Unicode char U+1E43 (decimal 7747)
   defining Unicode char U+1E45 (decimal 7749)
   defining Unicode char U+1E47 (decimal 7751)
   defining Unicode char U+1E5B (decimal 7771)
   defining Unicode char U+1E63 (decimal 7779)
   defining Unicode char U+1E6D (decimal 7789)
   defining Unicode char U+1E90 (decimal 7824)
   defining Unicode char U+1E91 (decimal 7825)
   defining Unicode char U+1E9E (decimal 7838)
   defining Unicode char U+1EF2 (decimal 7922)
   defining Unicode char U+1EF3 (decimal 7923)
   defining Unicode char U+200C (decimal 8204)
   defining Unicode char U+2010 (decimal 8208)
   defining Unicode char U+2011 (decimal 8209)
   defining Unicode char U+2012 (decimal 8210)
   defining Unicode char U+2013 (decimal 8211)
   defining Unicode char U+2014 (decimal 8212)
   defining Unicode char U+2015 (decimal 8213)
   defining Unicode char U+2018 (decimal 8216)
   defining Unicode char U+2019 (decimal 8217)
   defining Unicode char U+201A (decimal 8218)
   defining Unicode char U+201C (decimal 8220)
   defining Unicode char U+201D (decimal 8221)
   defining Unicode char U+201E (decimal 8222)
   defining Unicode char U+2030 (decimal 8240)
   defining Unicode char U+2031 (decimal 8241)
   defining Unicode char U+2039 (decimal 8249)
   defining Unicode char U+203A (decimal 8250)
   defining Unicode char U+2423 (decimal 9251)
   defining Unicode char U+1E20 (decimal 7712)
   defining Unicode char U+1E21 (decimal 7713)
   defining Unicode char U+FB00 (decimal 64256)
   defining Unicode char U+FB01 (decimal 64257)
   defining Unicode char U+FB02 (decimal 64258)
   defining Unicode char U+FB03 (decimal 64259)
   defining Unicode char U+FB04 (decimal 64260)
   defining Unicode char U+FB05 (decimal 64261)
   defining Unicode char U+FB06 (decimal 64262)
)
Now handling font encoding TS1 ...
... processing UTF-8 mapping file for font encoding TS1

(c:/texlive/2024/texmf-dist/tex/latex/base/ts1enc.dfu
File: ts1enc.dfu 2022/06/07 v1.3c UTF-8 support
   defining Unicode char U+00A2 (decimal 162)
   defining Unicode char U+00A3 (decimal 163)
   defining Unicode char U+00A4 (decimal 164)
   defining Unicode char U+00A5 (decimal 165)
   defining Unicode char U+00A6 (decimal 166)
   defining Unicode char U+00A7 (decimal 167)
   defining Unicode char U+00A8 (decimal 168)
   defining Unicode char U+00A9 (decimal 169)
   defining Unicode char U+00AA (decimal 170)
   defining Unicode char U+00AC (decimal 172)
   defining Unicode char U+00AE (decimal 174)
   defining Unicode char U+00AF (decimal 175)
   defining Unicode char U+00B0 (decimal 176)
   defining Unicode char U+00B1 (decimal 177)
   defining Unicode char U+00B2 (decimal 178)
   defining Unicode char U+00B3 (decimal 179)
   defining Unicode char U+00B4 (decimal 180)
   defining Unicode char U+00B5 (decimal 181)
   defining Unicode char U+00B6 (decimal 182)
   defining Unicode char U+00B7 (decimal 183)
   defining Unicode char U+00B9 (decimal 185)
   defining Unicode char U+00BA (decimal 186)
   defining Unicode char U+00BC (decimal 188)
   defining Unicode char U+00BD (decimal 189)
   defining Unicode char U+00BE (decimal 190)
   defining Unicode char U+00D7 (decimal 215)
   defining Unicode char U+00F7 (decimal 247)
   defining Unicode char U+0192 (decimal 402)
   defining Unicode char U+02C7 (decimal 711)
   defining Unicode char U+02D8 (decimal 728)
   defining Unicode char U+02DD (decimal 733)
   defining Unicode char U+0E3F (decimal 3647)
   defining Unicode char U+2016 (decimal 8214)
   defining Unicode char U+2020 (decimal 8224)
   defining Unicode char U+2021 (decimal 8225)
   defining Unicode char U+2022 (decimal 8226)
   defining Unicode char U+2030 (decimal 8240)
   defining Unicode char U+2031 (decimal 8241)
   defining Unicode char U+203B (decimal 8251)
   defining Unicode char U+203D (decimal 8253)
   defining Unicode char U+2044 (decimal 8260)
   defining Unicode char U+204E (decimal 8270)
   defining Unicode char U+2052 (decimal 8274)
   defining Unicode char U+20A1 (decimal 8353)
   defining Unicode char U+20A4 (decimal 8356)
   defining Unicode char U+20A6 (decimal 8358)
   defining Unicode char U+20A9 (decimal 8361)
   defining Unicode char U+20AB (decimal 8363)
   defining Unicode char U+20AC (decimal 8364)
   defining Unicode char U+20B1 (decimal 8369)
   defining Unicode char U+2103 (decimal 8451)
   defining Unicode char U+2116 (decimal 8470)
   defining Unicode char U+2117 (decimal 8471)
   defining Unicode char U+211E (decimal 8478)
   defining Unicode char U+2120 (decimal 8480)
   defining Unicode char U+2122 (decimal 8482)
   defining Unicode char U+2126 (decimal 8486)
   defining Unicode char U+2127 (decimal 8487)
   defining Unicode char U+212E (decimal 8494)
   defining Unicode char U+2190 (decimal 8592)
   defining Unicode char U+2191 (decimal 8593)
   defining Unicode char U+2192 (decimal 8594)
   defining Unicode char U+2193 (decimal 8595)
   defining Unicode char U+2329 (decimal 9001)
   defining Unicode char U+3008 (decimal 12296)
   defining Unicode char U+232A (decimal 9002)
   defining Unicode char U+3009 (decimal 12297)
   defining Unicode char U+2422 (decimal 9250)
   defining Unicode char U+25E6 (decimal 9702)
   defining Unicode char U+25EF (decimal 9711)
   defining Unicode char U+266A (decimal 9834)
   defining Unicode char U+27E8 (decimal 10216)
   defining Unicode char U+27E9 (decimal 10217)
   defining Unicode char U+FEFF (decimal 65279)
)
Now handling font encoding OMX ...
... no UTF-8 mapping file for font encoding OMX
Now handling font encoding U ...
... no UTF-8 mapping file for font encoding U
   defining Unicode char U+00A9 (decimal 169)
   defining Unicode char U+00AA (decimal 170)
   defining Unicode char U+00AE (decimal 174)
   defining Unicode char U+00BA (decimal 186)
   defining Unicode char U+02C6 (decimal 710)
   defining Unicode char U+02DC (decimal 732)
   defining Unicode char U+200C (decimal 8204)
   defining Unicode char U+2026 (decimal 8230)
   defining Unicode char U+2122 (decimal 8482)
   defining Unicode char U+2423 (decimal 9251)
   defining Unicode char U+FEFF (decimal 65279)
)))
(c:/texlive/2024/texmf-dist/tex/generic/babel/babel.sty
Package: babel 2024/09/18 v24.10 The Babel package
\babel@savecnt=\count268
\U@D=\dimen142
\l@unhyphenated=\language89

(c:/texlive/2024/texmf-dist/tex/generic/babel/txtbabel.def)
\bbl@readstream=\read2
\bbl@dirlevel=\count269

(c:/texlive/2024/texmf-dist/tex/generic/babel-english/english.ldf
Language: english 2017/06/06 v3.3r English support from the babel system
Package babel Info: Hyphen rules for 'canadian' set to \l@english
(babel)             (\language0). Reported on input line 102.
Package babel Info: Hyphen rules for 'australian' set to \l@ukenglish
(babel)             (\language23). Reported on input line 105.
Package babel Info: Hyphen rules for 'newzealand' set to \l@ukenglish
(babel)             (\language23). Reported on input line 108.
))
(c:/texlive/2024/texmf-dist/tex/generic/babel/locale/en/babel-english.tex
Package babel Info: Importing font and identification data for english
(babel)             from babel-en.ini. Reported on input line 11.
)
(c:/texlive/2024/texmf-dist/tex/latex/psnfss/times.sty
Package: times 2020/03/25 PSNFSS-v9.3 (SPQR) 
)
(c:/texlive/2024/texmf-dist/tex/latex/graphics/graphicx.sty
Package: graphicx 2021/09/16 v1.2d Enhanced LaTeX Graphics (DPC,SPQR)

(c:/texlive/2024/texmf-dist/tex/latex/graphics/keyval.sty
Package: keyval 2022/05/29 v1.15 key=value parser (DPC)
\KV@toks@=\toks19
)
(c:/texlive/2024/texmf-dist/tex/latex/graphics/graphics.sty
Package: graphics 2024/05/23 v1.4g Standard LaTeX Graphics (DPC,SPQR)

(c:/texlive/2024/texmf-dist/tex/latex/graphics/trig.sty
Package: trig 2023/12/02 v1.11 sin cos tan (DPC)
)
(c:/texlive/2024/texmf-dist/tex/latex/graphics-cfg/graphics.cfg
File: graphics.cfg 2016/06/04 v1.11 sample graphics configuration
)
Package graphics Info: Driver file: pdftex.def on input line 106.

(c:/texlive/2024/texmf-dist/tex/latex/graphics-def/pdftex.def
File: pdftex.def 2024/04/13 v1.2c Graphics/color driver for pdftex
))
\Gin@req@height=\dimen143
\Gin@req@width=\dimen144
)
(c:/texlive/2024/texmf-dist/tex/latex/hyperref/hyperref.sty
Package: hyperref 2024-07-10 v7.01j Hypertext links for LaTeX

(c:/texlive/2024/texmf-dist/tex/generic/iftex/iftex.sty
Package: iftex 2022/02/03 v1.0f TeX engine tests
)
(c:/texlive/2024/texmf-dist/tex/latex/kvsetkeys/kvsetkeys.sty
Package: kvsetkeys 2022-10-05 v1.19 Key value parser (HO)
)
(c:/texlive/2024/texmf-dist/tex/generic/kvdefinekeys/kvdefinekeys.sty
Package: kvdefinekeys 2019-12-19 v1.6 Define keys (HO)
)
(c:/texlive/2024/texmf-dist/tex/generic/pdfescape/pdfescape.sty
Package: pdfescape 2019/12/09 v1.15 Implements pdfTeX's escape features (HO)

(c:/texlive/2024/texmf-dist/tex/generic/ltxcmds/ltxcmds.sty
Package: ltxcmds 2023-12-04 v1.26 LaTeX kernel commands for general use (HO)
)
(c:/texlive/2024/texmf-dist/tex/generic/pdftexcmds/pdftexcmds.sty
Package: pdftexcmds 2020-06-27 v0.33 Utility functions of pdfTeX for LuaTeX (HO
)

(c:/texlive/2024/texmf-dist/tex/generic/infwarerr/infwarerr.sty
Package: infwarerr 2019/12/03 v1.5 Providing info/warning/error messages (HO)
)
Package pdftexcmds Info: \pdf@primitive is available.
Package pdftexcmds Info: \pdf@ifprimitive is available.
Package pdftexcmds Info: \pdfdraftmode found.
))
(c:/texlive/2024/texmf-dist/tex/latex/hycolor/hycolor.sty
Package: hycolor 2020-01-27 v1.10 Color options for hyperref/bookmark (HO)
)
(c:/texlive/2024/texmf-dist/tex/latex/hyperref/nameref.sty
Package: nameref 2023-11-26 v2.56 Cross-referencing by name of section

(c:/texlive/2024/texmf-dist/tex/latex/refcount/refcount.sty
Package: refcount 2019/12/15 v3.6 Data extraction from label references (HO)
)
(c:/texlive/2024/texmf-dist/tex/generic/gettitlestring/gettitlestring.sty
Package: gettitlestring 2019/12/15 v1.6 Cleanup title references (HO)

(c:/texlive/2024/texmf-dist/tex/latex/kvoptions/kvoptions.sty
Package: kvoptions 2022-06-15 v3.15 Key value format for package options (HO)
))
\c@section@level=\count270
)
(c:/texlive/2024/texmf-dist/tex/latex/etoolbox/etoolbox.sty
Package: etoolbox 2020/10/05 v2.5k e-TeX tools for LaTeX (JAW)
\etb@tempcnta=\count271
)
(c:/texlive/2024/texmf-dist/tex/generic/stringenc/stringenc.sty
Package: stringenc 2019/11/29 v1.12 Convert strings between diff. encodings (HO
)
)
\@linkdim=\dimen145
\Hy@linkcounter=\count272
\Hy@pagecounter=\count273

(c:/texlive/2024/texmf-dist/tex/latex/hyperref/pd1enc.def
File: pd1enc.def 2024-07-10 v7.01j Hyperref: PDFDocEncoding definition (HO)
Now handling font encoding PD1 ...
... no UTF-8 mapping file for font encoding PD1
)
(c:/texlive/2024/texmf-dist/tex/generic/intcalc/intcalc.sty
Package: intcalc 2019/12/15 v1.3 Expandable calculations with integers (HO)
)
\Hy@SavedSpaceFactor=\count274

(c:/texlive/2024/texmf-dist/tex/latex/hyperref/puenc.def
File: puenc.def 2024-07-10 v7.01j Hyperref: PDF Unicode definition (HO)
Now handling font encoding PU ...
... no UTF-8 mapping file for font encoding PU
)
Package hyperref Info: Hyper figures OFF on input line 4157.
Package hyperref Info: Link nesting OFF on input line 4162.
Package hyperref Info: Hyper index ON on input line 4165.
Package hyperref Info: Plain pages OFF on input line 4172.
Package hyperref Info: Backreferencing OFF on input line 4177.
Package hyperref Info: Implicit mode ON; LaTeX internals redefined.
Package hyperref Info: Bookmarks ON on input line 4424.
\c@Hy@tempcnt=\count275

(c:/texlive/2024/texmf-dist/tex/latex/url/url.sty
\Urlmuskip=\muskip17
Package: url 2013/09/16  ver 3.4  Verb mode for urls, etc.
)
LaTeX Info: Redefining \url on input line 4763.
\XeTeXLinkMargin=\dimen146

(c:/texlive/2024/texmf-dist/tex/generic/bitset/bitset.sty
Package: bitset 2019/12/09 v1.3 Handle bit-vector datatype (HO)

(c:/texlive/2024/texmf-dist/tex/generic/bigintcalc/bigintcalc.sty
Package: bigintcalc 2019/12/15 v1.5 Expandable calculations on big integers (HO
)
))
\Fld@menulength=\count276
\Field@Width=\dimen147
\Fld@charsize=\dimen148
Package hyperref Info: Hyper figures OFF on input line 6042.
Package hyperref Info: Link nesting OFF on input line 6047.
Package hyperref Info: Hyper index ON on input line 6050.
Package hyperref Info: backreferencing OFF on input line 6057.
Package hyperref Info: Link coloring OFF on input line 6062.
Package hyperref Info: Link coloring with OCG OFF on input line 6067.
Package hyperref Info: PDF/A mode OFF on input line 6072.

(c:/texlive/2024/texmf-dist/tex/latex/base/atbegshi-ltx.sty
Package: atbegshi-ltx 2021/01/10 v1.0c Emulation of the original atbegshi
package with kernel methods
)
\Hy@abspage=\count277
\c@Item=\count278
\c@Hfootnote=\count279
)
Package hyperref Info: Driver: hpdftex.

(c:/texlive/2024/texmf-dist/tex/latex/hyperref/hpdftex.def
File: hpdftex.def 2024-07-10 v7.01j Hyperref driver for pdfTeX

(c:/texlive/2024/texmf-dist/tex/latex/base/atveryend-ltx.sty
Package: atveryend-ltx 2020/08/19 v1.0a Emulation of the original atveryend pac
kage
with kernel methods
)
\Fld@listcount=\count280
\c@bookmark@seq@number=\count281

(c:/texlive/2024/texmf-dist/tex/latex/rerunfilecheck/rerunfilecheck.sty
Package: rerunfilecheck 2022-07-10 v1.10 Rerun checks for auxiliary files (HO)

(c:/texlive/2024/texmf-dist/tex/generic/uniquecounter/uniquecounter.sty
Package: uniquecounter 2019/12/15 v1.4 Provide unlimited unique counter (HO)
)
Package uniquecounter Info: New unique counter `rerunfilecheck' on input line 2
85.
)
\Hy@SectionHShift=\skip51
)
(c:/texlive/2024/texmf-dist/tex/latex/pgf/frontendlayer/tikz.sty
(c:/texlive/2024/texmf-dist/tex/latex/pgf/basiclayer/pgf.sty
(c:/texlive/2024/texmf-dist/tex/latex/pgf/utilities/pgfrcs.sty
(c:/texlive/2024/texmf-dist/tex/generic/pgf/utilities/pgfutil-common.tex
\pgfutil@everybye=\toks20
\pgfutil@tempdima=\dimen149
\pgfutil@tempdimb=\dimen150
)
(c:/texlive/2024/texmf-dist/tex/generic/pgf/utilities/pgfutil-latex.def
\pgfutil@abb=\box52
)
(c:/texlive/2024/texmf-dist/tex/generic/pgf/utilities/pgfrcs.code.tex
(c:/texlive/2024/texmf-dist/tex/generic/pgf/pgf.revision.tex)
Package: pgfrcs 2023-01-15 v3.1.10 (3.1.10)
))
Package: pgf 2023-01-15 v3.1.10 (3.1.10)

(c:/texlive/2024/texmf-dist/tex/latex/pgf/basiclayer/pgfcore.sty
(c:/texlive/2024/texmf-dist/tex/latex/pgf/systemlayer/pgfsys.sty
(c:/texlive/2024/texmf-dist/tex/generic/pgf/systemlayer/pgfsys.code.tex
Package: pgfsys 2023-01-15 v3.1.10 (3.1.10)

(c:/texlive/2024/texmf-dist/tex/generic/pgf/utilities/pgfkeys.code.tex
\pgfkeys@pathtoks=\toks21
\pgfkeys@temptoks=\toks22

(c:/texlive/2024/texmf-dist/tex/generic/pgf/utilities/pgfkeyslibraryfiltered.co
de.tex
\pgfkeys@tmptoks=\toks23
))
\pgf@x=\dimen151
\pgf@y=\dimen152
\pgf@xa=\dimen153
\pgf@ya=\dimen154
\pgf@xb=\dimen155
\pgf@yb=\dimen156
\pgf@xc=\dimen157
\pgf@yc=\dimen158
\pgf@xd=\dimen159
\pgf@yd=\dimen160
\w@pgf@writea=\write3
\r@pgf@reada=\read3
\c@pgf@counta=\count282
\c@pgf@countb=\count283
\c@pgf@countc=\count284
\c@pgf@countd=\count285
\t@pgf@toka=\toks24
\t@pgf@tokb=\toks25
\t@pgf@tokc=\toks26
\pgf@sys@id@count=\count286
 (c:/texlive/2024/texmf-dist/tex/generic/pgf/systemlayer/pgf.cfg
File: pgf.cfg 2023-01-15 v3.1.10 (3.1.10)
)
Driver file for pgf: pgfsys-pdftex.def

(c:/texlive/2024/texmf-dist/tex/generic/pgf/systemlayer/pgfsys-pdftex.def
File: pgfsys-pdftex.def 2023-01-15 v3.1.10 (3.1.10)

(c:/texlive/2024/texmf-dist/tex/generic/pgf/systemlayer/pgfsys-common-pdf.def
File: pgfsys-common-pdf.def 2023-01-15 v3.1.10 (3.1.10)
)))
(c:/texlive/2024/texmf-dist/tex/generic/pgf/systemlayer/pgfsyssoftpath.code.tex
File: pgfsyssoftpath.code.tex 2023-01-15 v3.1.10 (3.1.10)
\pgfsyssoftpath@smallbuffer@items=\count287
\pgfsyssoftpath@bigbuffer@items=\count288
)
(c:/texlive/2024/texmf-dist/tex/generic/pgf/systemlayer/pgfsysprotocol.code.tex
File: pgfsysprotocol.code.tex 2023-01-15 v3.1.10 (3.1.10)
)) (c:/texlive/2024/texmf-dist/tex/latex/xcolor/xcolor.sty
Package: xcolor 2024/09/29 v3.02 LaTeX color extensions (UK)

(c:/texlive/2024/texmf-dist/tex/latex/graphics-cfg/color.cfg
File: color.cfg 2016/01/02 v1.6 sample color configuration
)
Package xcolor Info: Driver file: pdftex.def on input line 274.

(c:/texlive/2024/texmf-dist/tex/latex/graphics/mathcolor.ltx)
Package xcolor Info: Model `cmy' substituted by `cmy0' on input line 1349.
Package xcolor Info: Model `hsb' substituted by `rgb' on input line 1353.
Package xcolor Info: Model `RGB' extended on input line 1365.
Package xcolor Info: Model `HTML' substituted by `rgb' on input line 1367.
Package xcolor Info: Model `Hsb' substituted by `hsb' on input line 1368.
Package xcolor Info: Model `tHsb' substituted by `hsb' on input line 1369.
Package xcolor Info: Model `HSB' substituted by `hsb' on input line 1370.
Package xcolor Info: Model `Gray' substituted by `gray' on input line 1371.
Package xcolor Info: Model `wave' substituted by `hsb' on input line 1372.
)
(c:/texlive/2024/texmf-dist/tex/generic/pgf/basiclayer/pgfcore.code.tex
Package: pgfcore 2023-01-15 v3.1.10 (3.1.10)

(c:/texlive/2024/texmf-dist/tex/generic/pgf/math/pgfmath.code.tex
(c:/texlive/2024/texmf-dist/tex/generic/pgf/math/pgfmathutil.code.tex)
(c:/texlive/2024/texmf-dist/tex/generic/pgf/math/pgfmathparser.code.tex
\pgfmath@dimen=\dimen161
\pgfmath@count=\count289
\pgfmath@box=\box53
\pgfmath@toks=\toks27
\pgfmath@stack@operand=\toks28
\pgfmath@stack@operation=\toks29
)
(c:/texlive/2024/texmf-dist/tex/generic/pgf/math/pgfmathfunctions.code.tex)
(c:/texlive/2024/texmf-dist/tex/generic/pgf/math/pgfmathfunctions.basic.code.te
x)
(c:/texlive/2024/texmf-dist/tex/generic/pgf/math/pgfmathfunctions.trigonometric
.code.tex)
(c:/texlive/2024/texmf-dist/tex/generic/pgf/math/pgfmathfunctions.random.code.t
ex)
(c:/texlive/2024/texmf-dist/tex/generic/pgf/math/pgfmathfunctions.comparison.co
de.tex)
(c:/texlive/2024/texmf-dist/tex/generic/pgf/math/pgfmathfunctions.base.code.tex
)
(c:/texlive/2024/texmf-dist/tex/generic/pgf/math/pgfmathfunctions.round.code.te
x)
(c:/texlive/2024/texmf-dist/tex/generic/pgf/math/pgfmathfunctions.misc.code.tex
)
(c:/texlive/2024/texmf-dist/tex/generic/pgf/math/pgfmathfunctions.integerarithm
etics.code.tex)
(c:/texlive/2024/texmf-dist/tex/generic/pgf/math/pgfmathcalc.code.tex)
(c:/texlive/2024/texmf-dist/tex/generic/pgf/math/pgfmathfloat.code.tex
\c@pgfmathroundto@lastzeros=\count290
))
(c:/texlive/2024/texmf-dist/tex/generic/pgf/math/pgfint.code.tex)
(c:/texlive/2024/texmf-dist/tex/generic/pgf/basiclayer/pgfcorepoints.code.tex
File: pgfcorepoints.code.tex 2023-01-15 v3.1.10 (3.1.10)
\pgf@picminx=\dimen162
\pgf@picmaxx=\dimen163
\pgf@picminy=\dimen164
\pgf@picmaxy=\dimen165
\pgf@pathminx=\dimen166
\pgf@pathmaxx=\dimen167
\pgf@pathminy=\dimen168
\pgf@pathmaxy=\dimen169
\pgf@xx=\dimen170
\pgf@xy=\dimen171
\pgf@yx=\dimen172
\pgf@yy=\dimen173
\pgf@zx=\dimen174
\pgf@zy=\dimen175
)
(c:/texlive/2024/texmf-dist/tex/generic/pgf/basiclayer/pgfcorepathconstruct.cod
e.tex
File: pgfcorepathconstruct.code.tex 2023-01-15 v3.1.10 (3.1.10)
\pgf@path@lastx=\dimen176
\pgf@path@lasty=\dimen177
)
(c:/texlive/2024/texmf-dist/tex/generic/pgf/basiclayer/pgfcorepathusage.code.te
x
File: pgfcorepathusage.code.tex 2023-01-15 v3.1.10 (3.1.10)
\pgf@shorten@end@additional=\dimen178
\pgf@shorten@start@additional=\dimen179
)
(c:/texlive/2024/texmf-dist/tex/generic/pgf/basiclayer/pgfcorescopes.code.tex
File: pgfcorescopes.code.tex 2023-01-15 v3.1.10 (3.1.10)
\pgfpic=\box54
\pgf@hbox=\box55
\pgf@layerbox@main=\box56
\pgf@picture@serial@count=\count291
)
(c:/texlive/2024/texmf-dist/tex/generic/pgf/basiclayer/pgfcoregraphicstate.code
.tex
File: pgfcoregraphicstate.code.tex 2023-01-15 v3.1.10 (3.1.10)
\pgflinewidth=\dimen180
)
(c:/texlive/2024/texmf-dist/tex/generic/pgf/basiclayer/pgfcoretransformations.c
ode.tex
File: pgfcoretransformations.code.tex 2023-01-15 v3.1.10 (3.1.10)
\pgf@pt@x=\dimen181
\pgf@pt@y=\dimen182
\pgf@pt@temp=\dimen183
)
(c:/texlive/2024/texmf-dist/tex/generic/pgf/basiclayer/pgfcorequick.code.tex
File: pgfcorequick.code.tex 2023-01-15 v3.1.10 (3.1.10)
)
(c:/texlive/2024/texmf-dist/tex/generic/pgf/basiclayer/pgfcoreobjects.code.tex
File: pgfcoreobjects.code.tex 2023-01-15 v3.1.10 (3.1.10)
)
(c:/texlive/2024/texmf-dist/tex/generic/pgf/basiclayer/pgfcorepathprocessing.co
de.tex
File: pgfcorepathprocessing.code.tex 2023-01-15 v3.1.10 (3.1.10)
)
(c:/texlive/2024/texmf-dist/tex/generic/pgf/basiclayer/pgfcorearrows.code.tex
File: pgfcorearrows.code.tex 2023-01-15 v3.1.10 (3.1.10)
\pgfarrowsep=\dimen184
)
(c:/texlive/2024/texmf-dist/tex/generic/pgf/basiclayer/pgfcoreshade.code.tex
File: pgfcoreshade.code.tex 2023-01-15 v3.1.10 (3.1.10)
\pgf@max=\dimen185
\pgf@sys@shading@range@num=\count292
\pgf@shadingcount=\count293
)
(c:/texlive/2024/texmf-dist/tex/generic/pgf/basiclayer/pgfcoreimage.code.tex
File: pgfcoreimage.code.tex 2023-01-15 v3.1.10 (3.1.10)
)
(c:/texlive/2024/texmf-dist/tex/generic/pgf/basiclayer/pgfcoreexternal.code.tex
File: pgfcoreexternal.code.tex 2023-01-15 v3.1.10 (3.1.10)
\pgfexternal@startupbox=\box57
) (c:/texlive/2024/texmf-dist/tex/generic/pgf/basiclayer/pgfcorelayers.code.tex
File: pgfcorelayers.code.tex 2023-01-15 v3.1.10 (3.1.10)
)
(c:/texlive/2024/texmf-dist/tex/generic/pgf/basiclayer/pgfcoretransparency.code
.tex
File: pgfcoretransparency.code.tex 2023-01-15 v3.1.10 (3.1.10)
)
(c:/texlive/2024/texmf-dist/tex/generic/pgf/basiclayer/pgfcorepatterns.code.tex
File: pgfcorepatterns.code.tex 2023-01-15 v3.1.10 (3.1.10)
) (c:/texlive/2024/texmf-dist/tex/generic/pgf/basiclayer/pgfcorerdf.code.tex
File: pgfcorerdf.code.tex 2023-01-15 v3.1.10 (3.1.10)
))) (c:/texlive/2024/texmf-dist/tex/generic/pgf/modules/pgfmoduleshapes.code.te
x
File: pgfmoduleshapes.code.tex 2023-01-15 v3.1.10 (3.1.10)
\pgfnodeparttextbox=\box58
)
(c:/texlive/2024/texmf-dist/tex/generic/pgf/modules/pgfmoduleplot.code.tex
File: pgfmoduleplot.code.tex 2023-01-15 v3.1.10 (3.1.10)
)
(c:/texlive/2024/texmf-dist/tex/latex/pgf/compatibility/pgfcomp-version-0-65.st
y
Package: pgfcomp-version-0-65 2023-01-15 v3.1.10 (3.1.10)
\pgf@nodesepstart=\dimen186
\pgf@nodesepend=\dimen187
)
(c:/texlive/2024/texmf-dist/tex/latex/pgf/compatibility/pgfcomp-version-1-18.st
y
Package: pgfcomp-version-1-18 2023-01-15 v3.1.10 (3.1.10)
)) (c:/texlive/2024/texmf-dist/tex/latex/pgf/utilities/pgffor.sty
(c:/texlive/2024/texmf-dist/tex/latex/pgf/utilities/pgfkeys.sty
(c:/texlive/2024/texmf-dist/tex/generic/pgf/utilities/pgfkeys.code.tex))
(c:/texlive/2024/texmf-dist/tex/latex/pgf/math/pgfmath.sty
(c:/texlive/2024/texmf-dist/tex/generic/pgf/math/pgfmath.code.tex))
(c:/texlive/2024/texmf-dist/tex/generic/pgf/utilities/pgffor.code.tex
Package: pgffor 2023-01-15 v3.1.10 (3.1.10)
\pgffor@iter=\dimen188
\pgffor@skip=\dimen189
\pgffor@stack=\toks30
\pgffor@toks=\toks31
))
(c:/texlive/2024/texmf-dist/tex/generic/pgf/frontendlayer/tikz/tikz.code.tex
Package: tikz 2023-01-15 v3.1.10 (3.1.10)

(c:/texlive/2024/texmf-dist/tex/generic/pgf/libraries/pgflibraryplothandlers.co
de.tex
File: pgflibraryplothandlers.code.tex 2023-01-15 v3.1.10 (3.1.10)
\pgf@plot@mark@count=\count294
\pgfplotmarksize=\dimen190
)
\tikz@lastx=\dimen191
\tikz@lasty=\dimen192
\tikz@lastxsaved=\dimen193
\tikz@lastysaved=\dimen194
\tikz@lastmovetox=\dimen195
\tikz@lastmovetoy=\dimen196
\tikzleveldistance=\dimen197
\tikzsiblingdistance=\dimen198
\tikz@figbox=\box59
\tikz@figbox@bg=\box60
\tikz@tempbox=\box61
\tikz@tempbox@bg=\box62
\tikztreelevel=\count295
\tikznumberofchildren=\count296
\tikznumberofcurrentchild=\count297
\tikz@fig@count=\count298

(c:/texlive/2024/texmf-dist/tex/generic/pgf/modules/pgfmodulematrix.code.tex
File: pgfmodulematrix.code.tex 2023-01-15 v3.1.10 (3.1.10)
\pgfmatrixcurrentrow=\count299
\pgfmatrixcurrentcolumn=\count300
\pgf@matrix@numberofcolumns=\count301
)
\tikz@expandcount=\count302

(c:/texlive/2024/texmf-dist/tex/generic/pgf/frontendlayer/tikz/libraries/tikzli
brarytopaths.code.tex
File: tikzlibrarytopaths.code.tex 2023-01-15 v3.1.10 (3.1.10)
)))
(c:/texlive/2024/texmf-dist/tex/latex/abstract/abstract.sty
Package: abstract 2009/06/08 v1.2a configurable abstracts
\abstitleskip=\skip52
\absleftindent=\skip53
\absrightindent=\skip54
\absparindent=\skip55
\absparsep=\skip56
)
(c:/texlive/2024/texmf-dist/tex/latex/listings/listings.sty
\lst@mode=\count303
\lst@gtempboxa=\box63
\lst@token=\toks32
\lst@length=\count304
\lst@currlwidth=\dimen199
\lst@column=\count305
\lst@pos=\count306
\lst@lostspace=\dimen256
\lst@width=\dimen257
\lst@newlines=\count307
\lst@lineno=\count308
\lst@maxwidth=\dimen258

(c:/texlive/2024/texmf-dist/tex/latex/listings/lstpatch.sty
File: lstpatch.sty 2024/09/23 1.10c (Carsten Heinz)
)
(c:/texlive/2024/texmf-dist/tex/latex/listings/lstmisc.sty
File: lstmisc.sty 2024/09/23 1.10c (Carsten Heinz)
\c@lstnumber=\count309
\lst@skipnumbers=\count310
\lst@framebox=\box64
)
(c:/texlive/2024/texmf-dist/tex/latex/listings/listings.cfg
File: listings.cfg 2024/09/23 1.10c listings configuration
))
Package: listings 2024/09/23 1.10c (Carsten Heinz)

(c:/texlive/2024/texmf-dist/tex/latex/float/float.sty
Package: float 2001/11/08 v1.3d Float enhancements (AL)
\c@float@type=\count311
\float@exts=\toks33
\float@box=\box65
\@float@everytoks=\toks34
\@floatcapt=\box66
)
(c:/texlive/2024/texmf-dist/tex/latex/listings/lstlang1.sty
File: lstlang1.sty 2024/09/23 1.10c listings language file
)
LaTeX Font Info:    Trying to load font information for T1+ptm on input line 64
.

(c:/texlive/2024/texmf-dist/tex/latex/psnfss/t1ptm.fd
File: t1ptm.fd 2001/06/04 font definitions for T1/ptm.
)
(c:/texlive/2024/texmf-dist/tex/latex/l3backend/l3backend-pdftex.def
File: l3backend-pdftex.def 2024-05-08 L3 backend support: PDF output (pdfTeX)
\l__color_backend_stack_int=\count312
\l__pdf_internal_box=\box67
)
(./main.aux)
\openout1 = `main.aux'.

LaTeX Font Info:    Checking defaults for OML/cmm/m/it on input line 64.
LaTeX Font Info:    ... okay on input line 64.
LaTeX Font Info:    Checking defaults for OMS/cmsy/m/n on input line 64.
LaTeX Font Info:    ... okay on input line 64.
LaTeX Font Info:    Checking defaults for OT1/cmr/m/n on input line 64.
LaTeX Font Info:    ... okay on input line 64.
LaTeX Font Info:    Checking defaults for T1/cmr/m/n on input line 64.
LaTeX Font Info:    ... okay on input line 64.
LaTeX Font Info:    Checking defaults for TS1/cmr/m/n on input line 64.
LaTeX Font Info:    ... okay on input line 64.
LaTeX Font Info:    Checking defaults for OMX/cmex/m/n on input line 64.
LaTeX Font Info:    ... okay on input line 64.
LaTeX Font Info:    Checking defaults for U/cmr/m/n on input line 64.
LaTeX Font Info:    ... okay on input line 64.
LaTeX Font Info:    Checking defaults for PD1/pdf/m/n on input line 64.
LaTeX Font Info:    ... okay on input line 64.
LaTeX Font Info:    Checking defaults for PU/pdf/m/n on input line 64.
LaTeX Font Info:    ... okay on input line 64.
 (c:/texlive/2024/texmf-dist/tex/context/base/mkii/supp-pdf.mkii
[Loading MPS to PDF converter (version 2006.09.02).]
\scratchcounter=\count313
\scratchdimen=\dimen259
\scratchbox=\box68
\nofMPsegments=\count314
\nofMParguments=\count315
\everyMPshowfont=\toks35
\MPscratchCnt=\count316
\MPscratchDim=\dimen260
\MPnumerator=\count317
\makeMPintoPDFobject=\count318
\everyMPtoPDFconversion=\toks36
) (c:/texlive/2024/texmf-dist/tex/latex/epstopdf-pkg/epstopdf-base.sty
Package: epstopdf-base 2020-01-24 v2.11 Base part for package epstopdf
Package epstopdf-base Info: Redefining graphics rule for `.eps' on input line 4
85.

(c:/texlive/2024/texmf-dist/tex/latex/latexconfig/epstopdf-sys.cfg
File: epstopdf-sys.cfg 2010/07/13 v1.3 Configuration of (r)epstopdf for TeX Liv
e
))
Package hyperref Info: Link coloring OFF on input line 64.

(./main.out) (./main.out)
\@outlinefile=\write4
\openout4 = `main.out'.

\c@lstlisting=\count319
 (./DB-HW2cover.tex
LaTeX Font Info:    External font `cmex10' loaded for size
(Font)              <14.4> on input line 24.
LaTeX Font Info:    External font `cmex10' loaded for size
(Font)              <7> on input line 24.
<./fig/logoIUT.jpeg, id=35, 250.9375pt x 252.945pt>
File: ./fig/logoIUT.jpeg Graphic file (type jpg)
<use ./fig/logoIUT.jpeg>
Package pdftex.def Info: ./fig/logoIUT.jpeg  used on input line 26.
(pdftex.def)             Requested size: 36.98866pt x 37.28397pt.


[1

{c:/texlive/2024/texmf-var/fonts/map/pdftex/updmap/pdftex.map}{c:/texlive/2024/
texmf-dist/fonts/enc/dvips/base/8r.enc} <./fig/logoIUT.jpeg>])
LaTeX Font Info:    Trying to load font information for TS1+ptm on input line 8
9.

(c:/texlive/2024/texmf-dist/tex/latex/psnfss/ts1ptm.fd
File: ts1ptm.fd 2001/06/04 font definitions for TS1/ptm.
)
Package epstopdf Info: Source file: <fig/screenshots/w5_p13.eps>
(epstopdf)                    date: 2024-11-11 00:59:19
(epstopdf)                    size: 1134795 bytes
(epstopdf)             Output file: <fig/screenshots/w5_p13-eps-converted-to.pd
f>
(epstopdf)                    date: 2024-11-11 03:12:58
(epstopdf)                    size: 23887 bytes
(epstopdf)             Command: <repstopdf --outfile=fig/screenshots/w5_p13-eps
-converted-to.pdf fig/screenshots/w5_p13.eps>
(epstopdf)             \includegraphics on input line 94.
Package epstopdf Info: Output file is already uptodate.
<fig/screenshots/w5_p13-eps-converted-to.pdf, id=49, 699.61375pt x 150.5625pt>
File: fig/screenshots/w5_p13-eps-converted-to.pdf Graphic file (type pdf)
<use fig/screenshots/w5_p13-eps-converted-to.pdf>
Package pdftex.def Info: fig/screenshots/w5_p13-eps-converted-to.pdf  used on i
nput line 94.
(pdftex.def)             Requested size: 448.07378pt x 96.43088pt.
Package epstopdf Info: Source file: <fig/screenshots/w5_p15.eps>
(epstopdf)                    date: 2024-11-11 00:59:19
(epstopdf)                    size: 1181861 bytes
(epstopdf)             Output file: <fig/screenshots/w5_p15-eps-converted-to.pd
f>
(epstopdf)                    date: 2024-11-11 03:12:59
(epstopdf)                    size: 22524 bytes
(epstopdf)             Command: <repstopdf --outfile=fig/screenshots/w5_p15-eps
-converted-to.pdf fig/screenshots/w5_p15.eps>
(epstopdf)             \includegraphics on input line 105.
Package epstopdf Info: Output file is already uptodate.
<fig/screenshots/w5_p15-eps-converted-to.pdf, id=50, 703.62875pt x 155.58125pt>

File: fig/screenshots/w5_p15-eps-converted-to.pdf Graphic file (type pdf)
<use fig/screenshots/w5_p15-eps-converted-to.pdf>
Package pdftex.def Info: fig/screenshots/w5_p15-eps-converted-to.pdf  used on i
nput line 105.
(pdftex.def)             Requested size: 448.07378pt x 99.0731pt.
Package epstopdf Info: Source file: <fig/screenshots/w5_p17.eps>
(epstopdf)                    date: 2024-11-11 00:59:19
(epstopdf)                    size: 1117858 bytes
(epstopdf)             Output file: <fig/screenshots/w5_p17-eps-converted-to.pd
f>
(epstopdf)                    date: 2024-11-11 03:13:00
(epstopdf)                    size: 25437 bytes
(epstopdf)             Command: <repstopdf --outfile=fig/screenshots/w5_p17-eps
-converted-to.pdf fig/screenshots/w5_p17.eps>
(epstopdf)             \includegraphics on input line 116.
Package epstopdf Info: Output file is already uptodate.
<fig/screenshots/w5_p17-eps-converted-to.pdf, id=51, 699.61375pt x 148.555pt>
File: fig/screenshots/w5_p17-eps-converted-to.pdf Graphic file (type pdf)
<use fig/screenshots/w5_p17-eps-converted-to.pdf>
Package pdftex.def Info: fig/screenshots/w5_p17-eps-converted-to.pdf  used on i
nput line 116.
(pdftex.def)             Requested size: 448.07378pt x 95.14513pt.



pdfTeX warning (ext4): destination with the same identifier (name{page.1}) has 
been already used, duplicate ignored
<to be read again> 
                   \relax 
l.118 \newpage
               [1 <./fig/screenshots/w5_p13-eps-converted-to.pdf> <./fig/screen
shots/w5_p15-eps-converted-to.pdf> <./fig/screenshots/w5_p17-eps-converted-to.p
df>]
Package epstopdf Info: Source file: <fig/screenshots/w5_p19.eps>
(epstopdf)                    date: 2024-11-11 00:59:19
(epstopdf)                    size: 2489061 bytes
(epstopdf)             Output file: <fig/screenshots/w5_p19-eps-converted-to.pd
f>
(epstopdf)                    date: 2024-11-11 03:13:02
(epstopdf)                    size: 41968 bytes
(epstopdf)             Command: <repstopdf --outfile=fig/screenshots/w5_p19-eps
-converted-to.pdf fig/screenshots/w5_p19.eps>
(epstopdf)             \includegraphics on input line 127.
Package epstopdf Info: Output file is already uptodate.
<fig/screenshots/w5_p19-eps-converted-to.pdf, id=72, 702.625pt x 330.23375pt>
File: fig/screenshots/w5_p19-eps-converted-to.pdf Graphic file (type pdf)
<use fig/screenshots/w5_p19-eps-converted-to.pdf>
Package pdftex.def Info: fig/screenshots/w5_p19-eps-converted-to.pdf  used on i
nput line 127.
(pdftex.def)             Requested size: 448.07378pt x 210.6031pt.
Package epstopdf Info: Source file: <fig/screenshots/w5_p20.eps>
(epstopdf)                    date: 2024-11-11 00:59:19
(epstopdf)                    size: 1534134 bytes
(epstopdf)             Output file: <fig/screenshots/w5_p20-eps-converted-to.pd
f>
(epstopdf)                    date: 2024-11-11 03:13:03
(epstopdf)                    size: 26060 bytes
(epstopdf)             Command: <repstopdf --outfile=fig/screenshots/w5_p20-eps
-converted-to.pdf fig/screenshots/w5_p20.eps>
(epstopdf)             \includegraphics on input line 138.
Package epstopdf Info: Output file is already uptodate.
<fig/screenshots/w5_p20-eps-converted-to.pdf, id=73, 709.65125pt x 200.75pt>
File: fig/screenshots/w5_p20-eps-converted-to.pdf Graphic file (type pdf)
<use fig/screenshots/w5_p20-eps-converted-to.pdf>
Package pdftex.def Info: fig/screenshots/w5_p20-eps-converted-to.pdf  used on i
nput line 138.
(pdftex.def)             Requested size: 448.07378pt x 126.75497pt.


[2 <./fig/screenshots/w5_p19-eps-converted-to.pdf> <./fig/screenshots/w5_p20-ep
s-converted-to.pdf>]
Package epstopdf Info: Source file: <fig/screenshots/w5_p21.eps>
(epstopdf)                    date: 2024-11-11 00:59:20
(epstopdf)                    size: 1497550 bytes
(epstopdf)             Output file: <fig/screenshots/w5_p21-eps-converted-to.pd
f>
(epstopdf)                    date: 2024-11-11 03:13:04
(epstopdf)                    size: 32959 bytes
(epstopdf)             Command: <repstopdf --outfile=fig/screenshots/w5_p21-eps
-converted-to.pdf fig/screenshots/w5_p21.eps>
(epstopdf)             \includegraphics on input line 149.
Package epstopdf Info: Output file is already uptodate.
<fig/screenshots/w5_p21-eps-converted-to.pdf, id=92, 705.63625pt x 197.73875pt>

File: fig/screenshots/w5_p21-eps-converted-to.pdf Graphic file (type pdf)
<use fig/screenshots/w5_p21-eps-converted-to.pdf>
Package pdftex.def Info: fig/screenshots/w5_p21-eps-converted-to.pdf  used on i
nput line 149.
(pdftex.def)             Requested size: 448.07378pt x 125.5627pt.
Package epstopdf Info: Source file: <fig/screenshots/w6_p9.eps>
(epstopdf)                    date: 2024-11-11 00:59:20
(epstopdf)                    size: 1197265 bytes
(epstopdf)             Output file: <fig/screenshots/w6_p9-eps-converted-to.pdf
>
(epstopdf)                    date: 2024-11-11 03:13:05
(epstopdf)                    size: 30891 bytes
(epstopdf)             Command: <repstopdf --outfile=fig/screenshots/w6_p9-eps-
converted-to.pdf fig/screenshots/w6_p9.eps>
(epstopdf)             \includegraphics on input line 161.
Package epstopdf Info: Output file is already uptodate.
<fig/screenshots/w6_p9-eps-converted-to.pdf, id=93, 686.565pt x 161.60374pt>
File: fig/screenshots/w6_p9-eps-converted-to.pdf Graphic file (type pdf)
<use fig/screenshots/w6_p9-eps-converted-to.pdf>
Package pdftex.def Info: fig/screenshots/w6_p9-eps-converted-to.pdf  used on in
put line 161.
(pdftex.def)             Requested size: 448.07378pt x 105.46532pt.
Package epstopdf Info: Source file: <fig/screenshots/w6_p10.eps>
(epstopdf)                    date: 2024-11-11 00:59:20
(epstopdf)                    size: 1146219 bytes
(epstopdf)             Output file: <fig/screenshots/w6_p10-eps-converted-to.pd
f>
(epstopdf)                    date: 2024-11-11 03:13:06
(epstopdf)                    size: 30213 bytes
(epstopdf)             Command: <repstopdf --outfile=fig/screenshots/w6_p10-eps
-converted-to.pdf fig/screenshots/w6_p10.eps>
(epstopdf)             \includegraphics on input line 172.
Package epstopdf Info: Output file is already uptodate.
<fig/screenshots/w6_p10-eps-converted-to.pdf, id=94, 692.5875pt x 153.57375pt>
File: fig/screenshots/w6_p10-eps-converted-to.pdf Graphic file (type pdf)
<use fig/screenshots/w6_p10-eps-converted-to.pdf>
Package pdftex.def Info: fig/screenshots/w6_p10-eps-converted-to.pdf  used on i
nput line 172.
(pdftex.def)             Requested size: 448.07378pt x 99.35776pt.


[3 <./fig/screenshots/w5_p21-eps-converted-to.pdf> <./fig/screenshots/w6_p9-eps
-converted-to.pdf> <./fig/screenshots/w6_p10-eps-converted-to.pdf>]
Package epstopdf Info: Source file: <fig/screenshots/w6_p11_1.eps>
(epstopdf)                    date: 2024-11-11 00:59:20
(epstopdf)                    size: 3318235 bytes
(epstopdf)             Output file: <fig/screenshots/w6_p11_1-eps-converted-to.
pdf>
(epstopdf)                    date: 2024-11-11 03:13:08
(epstopdf)                    size: 215966 bytes
(epstopdf)             Command: <repstopdf --outfile=fig/screenshots/w6_p11_1-e
ps-converted-to.pdf fig/screenshots/w6_p11_1.eps>
(epstopdf)             \includegraphics on input line 184.
Package epstopdf Info: Output file is already uptodate.
<fig/screenshots/w6_p11_1-eps-converted-to.pdf, id=118, 713.66624pt x 432.61626
pt>
File: fig/screenshots/w6_p11_1-eps-converted-to.pdf Graphic file (type pdf)
<use fig/screenshots/w6_p11_1-eps-converted-to.pdf>
Package pdftex.def Info: fig/screenshots/w6_p11_1-eps-converted-to.pdf  used on
 input line 184.
(pdftex.def)             Requested size: 448.07378pt x 271.61891pt.
Package epstopdf Info: Source file: <fig/screenshots/w6_p11_2.eps>
(epstopdf)                    date: 2024-11-11 00:59:20
(epstopdf)                    size: 3103319 bytes
(epstopdf)             Output file: <fig/screenshots/w6_p11_2-eps-converted-to.
pdf>
(epstopdf)                    date: 2024-11-11 03:13:10
(epstopdf)                    size: 169350 bytes
(epstopdf)             Command: <repstopdf --outfile=fig/screenshots/w6_p11_2-e
ps-converted-to.pdf fig/screenshots/w6_p11_2.eps>
(epstopdf)             \includegraphics on input line 188.
Package epstopdf Info: Output file is already uptodate.
<fig/screenshots/w6_p11_2-eps-converted-to.pdf, id=119, 682.55pt x 423.5825pt>
File: fig/screenshots/w6_p11_2-eps-converted-to.pdf Graphic file (type pdf)
<use fig/screenshots/w6_p11_2-eps-converted-to.pdf>
Package pdftex.def Info: fig/screenshots/w6_p11_2-eps-converted-to.pdf  used on
 input line 188.
(pdftex.def)             Requested size: 448.07378pt x 278.07228pt.


[4 <./fig/screenshots/w6_p11_1-eps-converted-to.pdf> <./fig/screenshots/w6_p11_
2-eps-converted-to.pdf>]
Package epstopdf Info: Source file: <fig/screenshots/w6_p19.eps>
(epstopdf)                    date: 2024-11-11 00:59:20
(epstopdf)                    size: 3858652 bytes
(epstopdf)             Output file: <fig/screenshots/w6_p19-eps-converted-to.pd
f>
(epstopdf)                    date: 2024-11-11 03:13:12
(epstopdf)                    size: 178986 bytes
(epstopdf)             Command: <repstopdf --outfile=fig/screenshots/w6_p19-eps
-converted-to.pdf fig/screenshots/w6_p19.eps>
(epstopdf)             \includegraphics on input line 199.
Package epstopdf Info: Output file is already uptodate.
<fig/screenshots/w6_p19-eps-converted-to.pdf, id=132, 672.5125pt x 534.99875pt>

File: fig/screenshots/w6_p19-eps-converted-to.pdf Graphic file (type pdf)
<use fig/screenshots/w6_p19-eps-converted-to.pdf>
Package pdftex.def Info: fig/screenshots/w6_p19-eps-converted-to.pdf  used on i
nput line 199.
(pdftex.def)             Requested size: 448.07378pt x 356.45543pt.
Package epstopdf Info: Source file: <fig/screenshots/w6_p19_2.eps>
(epstopdf)                    date: 2024-11-11 00:59:20
(epstopdf)                    size: 3456300 bytes
(epstopdf)             Output file: <fig/screenshots/w6_p19_2-eps-converted-to.
pdf>
(epstopdf)                    date: 2024-11-11 03:13:14
(epstopdf)                    size: 164154 bytes
(epstopdf)             Command: <repstopdf --outfile=fig/screenshots/w6_p19_2-e
ps-converted-to.pdf fig/screenshots/w6_p19_2.eps>
(epstopdf)             \includegraphics on input line 203.
Package epstopdf Info: Output file is already uptodate.
<fig/screenshots/w6_p19_2-eps-converted-to.pdf, id=133, 670.505pt x 480.79625pt
>
File: fig/screenshots/w6_p19_2-eps-converted-to.pdf Graphic file (type pdf)
<use fig/screenshots/w6_p19_2-eps-converted-to.pdf>
Package pdftex.def Info: fig/screenshots/w6_p19_2-eps-converted-to.pdf  used on
 input line 203.
(pdftex.def)             Requested size: 448.07378pt x 321.29546pt.


[5 <./fig/screenshots/w6_p19-eps-converted-to.pdf>]

[6 <./fig/screenshots/w6_p19_2-eps-converted-to.pdf>]
Package epstopdf Info: Source file: <fig/screenshots/w6_p20_1.eps>
(epstopdf)                    date: 2024-11-11 00:59:20
(epstopdf)                    size: 3953286 bytes
(epstopdf)             Output file: <fig/screenshots/w6_p20_1-eps-converted-to.
pdf>
(epstopdf)                    date: 2024-11-11 03:13:17
(epstopdf)                    size: 188780 bytes
(epstopdf)             Command: <repstopdf --outfile=fig/screenshots/w6_p20_1-e
ps-converted-to.pdf fig/screenshots/w6_p20_1.eps>
(epstopdf)             \includegraphics on input line 213.
Package epstopdf Info: Output file is already uptodate.
<fig/screenshots/w6_p20_1-eps-converted-to.pdf, id=151, 682.55pt x 540.0175pt>
File: fig/screenshots/w6_p20_1-eps-converted-to.pdf Graphic file (type pdf)
<use fig/screenshots/w6_p20_1-eps-converted-to.pdf>
Package pdftex.def Info: fig/screenshots/w6_p20_1-eps-converted-to.pdf  used on
 input line 213.
(pdftex.def)             Requested size: 448.07378pt x 354.5092pt.
Package epstopdf Info: Source file: <fig/screenshots/w6_p20_2.eps>
(epstopdf)                    date: 2024-11-11 00:59:20
(epstopdf)                    size: 3967540 bytes
(epstopdf)             Output file: <fig/screenshots/w6_p20_2-eps-converted-to.
pdf>
(epstopdf)                    date: 2024-11-11 03:13:19
(epstopdf)                    size: 186449 bytes
(epstopdf)             Command: <repstopdf --outfile=fig/screenshots/w6_p20_2-e
ps-converted-to.pdf fig/screenshots/w6_p20_2.eps>
(epstopdf)             \includegraphics on input line 217.
Package epstopdf Info: Output file is already uptodate.
<fig/screenshots/w6_p20_2-eps-converted-to.pdf, id=152, 676.5275pt x 547.04375p
t>
File: fig/screenshots/w6_p20_2-eps-converted-to.pdf Graphic file (type pdf)
<use fig/screenshots/w6_p20_2-eps-converted-to.pdf>
Package pdftex.def Info: fig/screenshots/w6_p20_2-eps-converted-to.pdf  used on
 input line 217.
(pdftex.def)             Requested size: 448.07378pt x 362.3271pt.


[7 <./fig/screenshots/w6_p20_1-eps-converted-to.pdf>]

[8 <./fig/screenshots/w6_p20_2-eps-converted-to.pdf>]
Package epstopdf Info: Source file: <fig/screenshots/w6_p21_1.eps>
(epstopdf)                    date: 2024-11-11 00:59:20
(epstopdf)                    size: 1522869 bytes
(epstopdf)             Output file: <fig/screenshots/w6_p21_1-eps-converted-to.
pdf>
(epstopdf)                    date: 2024-11-11 03:13:20
(epstopdf)                    size: 55969 bytes
(epstopdf)             Command: <repstopdf --outfile=fig/screenshots/w6_p21_1-e
ps-converted-to.pdf fig/screenshots/w6_p21_1.eps>
(epstopdf)             \includegraphics on input line 231.
Package epstopdf Info: Output file is already uptodate.
<fig/screenshots/w6_p21_1-eps-converted-to.pdf, id=170, 659.46375pt x 214.8025p
t>
File: fig/screenshots/w6_p21_1-eps-converted-to.pdf Graphic file (type pdf)
<use fig/screenshots/w6_p21_1-eps-converted-to.pdf>
Package pdftex.def Info: fig/screenshots/w6_p21_1-eps-converted-to.pdf  used on
 input line 231.
(pdftex.def)             Requested size: 448.07378pt x 145.95232pt.
Package epstopdf Info: Source file: <fig/screenshots/w6_p21_2.eps>
(epstopdf)                    date: 2024-11-11 00:59:20
(epstopdf)                    size: 3092891 bytes
(epstopdf)             Output file: <fig/screenshots/w6_p21_2-eps-converted-to.
pdf>
(epstopdf)                    date: 2024-11-11 03:13:22
(epstopdf)                    size: 57728 bytes
(epstopdf)             Command: <repstopdf --outfile=fig/screenshots/w6_p21_2-e
ps-converted-to.pdf fig/screenshots/w6_p21_2.eps>
(epstopdf)             \includegraphics on input line 235.
Package epstopdf Info: Output file is already uptodate.
<fig/screenshots/w6_p21_2-eps-converted-to.pdf, id=171, 690.58pt x 417.56pt>
File: fig/screenshots/w6_p21_2-eps-converted-to.pdf Graphic file (type pdf)
<use fig/screenshots/w6_p21_2-eps-converted-to.pdf>
Package pdftex.def Info: fig/screenshots/w6_p21_2-eps-converted-to.pdf  used on
 input line 235.
(pdftex.def)             Requested size: 448.07378pt x 270.9329pt.


[9 <./fig/screenshots/w6_p21_1-eps-converted-to.pdf> <./fig/screenshots/w6_p21_
2-eps-converted-to.pdf>]
Package epstopdf Info: Source file: <fig/screenshots/w6_p29_1.eps>
(epstopdf)                    date: 2024-11-11 00:59:20
(epstopdf)                    size: 1244364 bytes
(epstopdf)             Output file: <fig/screenshots/w6_p29_1-eps-converted-to.
pdf>
(epstopdf)                    date: 2024-11-11 03:13:23
(epstopdf)                    size: 23849 bytes
(epstopdf)             Command: <repstopdf --outfile=fig/screenshots/w6_p29_1-e
ps-converted-to.pdf fig/screenshots/w6_p29_1.eps>
(epstopdf)             \includegraphics on input line 246.
Package epstopdf Info: Output file is already uptodate.
<fig/screenshots/w6_p29_1-eps-converted-to.pdf, id=187, 703.62875pt x 164.615pt
>
File: fig/screenshots/w6_p29_1-eps-converted-to.pdf Graphic file (type pdf)
<use fig/screenshots/w6_p29_1-eps-converted-to.pdf>
Package pdftex.def Info: fig/screenshots/w6_p29_1-eps-converted-to.pdf  used on
 input line 246.
(pdftex.def)             Requested size: 448.07378pt x 104.82574pt.
Package epstopdf Info: Source file: <fig/screenshots/w6_p29_2.eps>
(epstopdf)                    date: 2024-11-11 00:59:20
(epstopdf)                    size: 1776520 bytes
(epstopdf)             Output file: <fig/screenshots/w6_p29_2-eps-converted-to.
pdf>
(epstopdf)                    date: 2024-11-11 03:13:24
(epstopdf)                    size: 32766 bytes
(epstopdf)             Command: <repstopdf --outfile=fig/screenshots/w6_p29_2-e
ps-converted-to.pdf fig/screenshots/w6_p29_2.eps>
(epstopdf)             \includegraphics on input line 250.
Package epstopdf Info: Output file is already uptodate.
<fig/screenshots/w6_p29_2-eps-converted-to.pdf, id=188, 707.64375pt x 233.87375
pt>
File: fig/screenshots/w6_p29_2-eps-converted-to.pdf Graphic file (type pdf)
<use fig/screenshots/w6_p29_2-eps-converted-to.pdf>
Package pdftex.def Info: fig/screenshots/w6_p29_2-eps-converted-to.pdf  used on
 input line 250.
(pdftex.def)             Requested size: 448.07378pt x 148.08707pt.


[10 <./fig/screenshots/w6_p29_1-eps-converted-to.pdf> <./fig/screenshots/w6_p29
_2-eps-converted-to.pdf>]
Package epstopdf Info: Source file: <fig/screenshots/w6_p30_1.eps>
(epstopdf)                    date: 2024-11-11 00:59:20
(epstopdf)                    size: 2285723 bytes
(epstopdf)             Output file: <fig/screenshots/w6_p30_1-eps-converted-to.
pdf>
(epstopdf)                    date: 2024-11-11 03:13:26
(epstopdf)                    size: 48978 bytes
(epstopdf)             Command: <repstopdf --outfile=fig/screenshots/w6_p30_1-e
ps-converted-to.pdf fig/screenshots/w6_p30_1.eps>
(epstopdf)             \includegraphics on input line 261.
Package epstopdf Info: Output file is already uptodate.
<fig/screenshots/w6_p30_1-eps-converted-to.pdf, id=201, 700.6175pt x 303.1325pt
>
File: fig/screenshots/w6_p30_1-eps-converted-to.pdf Graphic file (type pdf)
<use fig/screenshots/w6_p30_1-eps-converted-to.pdf>
Package pdftex.def Info: fig/screenshots/w6_p30_1-eps-converted-to.pdf  used on
 input line 261.
(pdftex.def)             Requested size: 448.07378pt x 193.87pt.
Package epstopdf Info: Source file: <fig/screenshots/w6_p30_2.eps>
(epstopdf)                    date: 2024-11-11 00:59:20
(epstopdf)                    size: 1565529 bytes
(epstopdf)             Output file: <fig/screenshots/w6_p30_2-eps-converted-to.
pdf>
(epstopdf)                    date: 2024-11-11 03:13:27
(epstopdf)                    size: 31177 bytes
(epstopdf)             Command: <repstopdf --outfile=fig/screenshots/w6_p30_2-e
ps-converted-to.pdf fig/screenshots/w6_p30_2.eps>
(epstopdf)             \includegraphics on input line 265.
Package epstopdf Info: Output file is already uptodate.
<fig/screenshots/w6_p30_2-eps-converted-to.pdf, id=202, 700.6175pt x 207.77625p
t>
File: fig/screenshots/w6_p30_2-eps-converted-to.pdf Graphic file (type pdf)
<use fig/screenshots/w6_p30_2-eps-converted-to.pdf>
Package pdftex.def Info: fig/screenshots/w6_p30_2-eps-converted-to.pdf  used on
 input line 265.
(pdftex.def)             Requested size: 448.07378pt x 132.88438pt.


[11 <./fig/screenshots/w6_p30_1-eps-converted-to.pdf> <./fig/screenshots/w6_p30
_2-eps-converted-to.pdf>]
Package epstopdf Info: Source file: <fig/screenshots/w6_p31.eps>
(epstopdf)                    date: 2024-11-11 00:59:20
(epstopdf)                    size: 1704063 bytes
(epstopdf)             Output file: <fig/screenshots/w6_p31-eps-converted-to.pd
f>
(epstopdf)                    date: 2024-11-11 03:13:28
(epstopdf)                    size: 22720 bytes
(epstopdf)             Command: <repstopdf --outfile=fig/screenshots/w6_p31-eps
-converted-to.pdf fig/screenshots/w6_p31.eps>
(epstopdf)             \includegraphics on input line 276.
Package epstopdf Info: Output file is already uptodate.
<fig/screenshots/w6_p31-eps-converted-to.pdf, id=215, 708.6475pt x 223.83624pt>

File: fig/screenshots/w6_p31-eps-converted-to.pdf Graphic file (type pdf)
<use fig/screenshots/w6_p31-eps-converted-to.pdf>
Package pdftex.def Info: fig/screenshots/w6_p31-eps-converted-to.pdf  used on i
nput line 276.
(pdftex.def)             Requested size: 448.07378pt x 141.53331pt.
Package epstopdf Info: Source file: <fig/screenshots/w6_p32.eps>
(epstopdf)                    date: 2024-11-11 00:59:20
(epstopdf)                    size: 1687248 bytes
(epstopdf)             Output file: <fig/screenshots/w6_p32-eps-converted-to.pd
f>
(epstopdf)                    date: 2024-11-11 03:13:29
(epstopdf)                    size: 30651 bytes
(epstopdf)             Command: <repstopdf --outfile=fig/screenshots/w6_p32-eps
-converted-to.pdf fig/screenshots/w6_p32.eps>
(epstopdf)             \includegraphics on input line 286.
Package epstopdf Info: Output file is already uptodate.
<fig/screenshots/w6_p32-eps-converted-to.pdf, id=216, 706.64pt x 221.82875pt>
File: fig/screenshots/w6_p32-eps-converted-to.pdf Graphic file (type pdf)
<use fig/screenshots/w6_p32-eps-converted-to.pdf>
Package pdftex.def Info: fig/screenshots/w6_p32-eps-converted-to.pdf  used on i
nput line 286.
(pdftex.def)             Requested size: 448.07378pt x 140.65997pt.


[12 <./fig/screenshots/w6_p31-eps-converted-to.pdf> <./fig/screenshots/w6_p32-e
ps-converted-to.pdf>]
Package epstopdf Info: Source file: <fig/screenshots/w6_p43_1.eps>
(epstopdf)                    date: 2024-11-11 00:59:20
(epstopdf)                    size: 3495876 bytes
(epstopdf)             Output file: <fig/screenshots/w6_p43_1-eps-converted-to.
pdf>
(epstopdf)                    date: 2024-11-11 03:13:31
(epstopdf)                    size: 71885 bytes
(epstopdf)             Command: <repstopdf --outfile=fig/screenshots/w6_p43_1-e
ps-converted-to.pdf fig/screenshots/w6_p43_1.eps>
(epstopdf)             \includegraphics on input line 300.
Package epstopdf Info: Output file is already uptodate.
<fig/screenshots/w6_p43_1-eps-converted-to.pdf, id=234, 689.57625pt x 471.7625p
t>
File: fig/screenshots/w6_p43_1-eps-converted-to.pdf Graphic file (type pdf)
<use fig/screenshots/w6_p43_1-eps-converted-to.pdf>
Package pdftex.def Info: fig/screenshots/w6_p43_1-eps-converted-to.pdf  used on
 input line 300.
(pdftex.def)             Requested size: 448.07378pt x 306.5412pt.
Package epstopdf Info: Source file: <fig/screenshots/w6_p43_2.eps>
(epstopdf)                    date: 2024-11-11 00:59:20
(epstopdf)                    size: 2283430 bytes
(epstopdf)             Output file: <fig/screenshots/w6_p43_2-eps-converted-to.
pdf>
(epstopdf)                    date: 2024-11-11 03:13:33
(epstopdf)                    size: 45054 bytes
(epstopdf)             Command: <repstopdf --outfile=fig/screenshots/w6_p43_2-e
ps-converted-to.pdf fig/screenshots/w6_p43_2.eps>
(epstopdf)             \includegraphics on input line 304.
Package epstopdf Info: Output file is already uptodate.
<fig/screenshots/w6_p43_2-eps-converted-to.pdf, id=235, 678.535pt x 313.17pt>
File: fig/screenshots/w6_p43_2-eps-converted-to.pdf Graphic file (type pdf)
<use fig/screenshots/w6_p43_2-eps-converted-to.pdf>
Package pdftex.def Info: fig/screenshots/w6_p43_2-eps-converted-to.pdf  used on
 input line 304.
(pdftex.def)             Requested size: 448.07378pt x 206.80273pt.


[13 <./fig/screenshots/w6_p43_1-eps-converted-to.pdf>]

[14 <./fig/screenshots/w6_p43_2-eps-converted-to.pdf>]

[15]

[16]
Package epstopdf Info: Source file: <fig/screenshots/6/61.eps>
(epstopdf)                    date: 2024-11-11 00:59:52
(epstopdf)                    size: 12606817 bytes
(epstopdf)             Output file: <fig/screenshots/6/61-eps-converted-to.pdf>

(epstopdf)                    date: 2024-11-11 03:17:29
(epstopdf)                    size: 396300 bytes
(epstopdf)             Command: <repstopdf --outfile=fig/screenshots/6/61-eps-c
onverted-to.pdf fig/screenshots/6/61.eps>
(epstopdf)             \includegraphics on input line 377.
Package epstopdf Info: Output file is already uptodate.
<fig/screenshots/6/61-eps-converted-to.pdf, id=283, 1927.2pt x 1084.05pt>
File: fig/screenshots/6/61-eps-converted-to.pdf Graphic file (type pdf)
<use fig/screenshots/6/61-eps-converted-to.pdf>
Package pdftex.def Info: fig/screenshots/6/61-eps-converted-to.pdf  used on inp
ut line 377.
(pdftex.def)             Requested size: 448.07378pt x 252.03902pt.


[17 <./fig/screenshots/6/61-eps-converted-to.pdf>]
Package epstopdf Info: Source file: <fig/screenshots/6/63.eps>
(epstopdf)                    date: 2024-11-11 00:59:52
(epstopdf)                    size: 12606817 bytes
(epstopdf)             Output file: <fig/screenshots/6/63-eps-converted-to.pdf>

(epstopdf)                    date: 2024-11-11 03:17:35
(epstopdf)                    size: 329921 bytes
(epstopdf)             Command: <repstopdf --outfile=fig/screenshots/6/63-eps-c
onverted-to.pdf fig/screenshots/6/63.eps>
(epstopdf)             \includegraphics on input line 410.
Package epstopdf Info: Output file is already uptodate.
<fig/screenshots/6/63-eps-converted-to.pdf, id=304, 1927.2pt x 1084.05pt>
File: fig/screenshots/6/63-eps-converted-to.pdf Graphic file (type pdf)
<use fig/screenshots/6/63-eps-converted-to.pdf>
Package pdftex.def Info: fig/screenshots/6/63-eps-converted-to.pdf  used on inp
ut line 410.
(pdftex.def)             Requested size: 448.07378pt x 252.03902pt.


[18 <./fig/screenshots/6/63-eps-converted-to.pdf>]
Package epstopdf Info: Source file: <fig/screenshots/6/64.eps>
(epstopdf)                    date: 2024-11-11 00:59:53
(epstopdf)                    size: 12606817 bytes
(epstopdf)             Output file: <fig/screenshots/6/64-eps-converted-to.pdf>

(epstopdf)                    date: 2024-11-11 03:17:42
(epstopdf)                    size: 387539 bytes
(epstopdf)             Command: <repstopdf --outfile=fig/screenshots/6/64-eps-c
onverted-to.pdf fig/screenshots/6/64.eps>
(epstopdf)             \includegraphics on input line 438.
Package epstopdf Info: Output file is already uptodate.
<fig/screenshots/6/64-eps-converted-to.pdf, id=336, 1927.2pt x 1084.05pt>
File: fig/screenshots/6/64-eps-converted-to.pdf Graphic file (type pdf)
<use fig/screenshots/6/64-eps-converted-to.pdf>
Package pdftex.def Info: fig/screenshots/6/64-eps-converted-to.pdf  used on inp
ut line 438.
(pdftex.def)             Requested size: 448.07378pt x 252.03902pt.


[19 <./fig/screenshots/6/64-eps-converted-to.pdf>]

! LaTeX Error: Invalid UTF-8 byte sequence (â\lst@EC€\lst@EC™).

See the LaTeX manual or LaTeX Companion for explanation.
Type  H <return>  for immediate help.
 ...                                              
                                                  
l.444 ...tions that had some enrollment. (Donâ€™t 
                                                  worry about those that had...

? 
Package epstopdf Info: Source file: <fig/screenshots/6/65.eps>
(epstopdf)                    date: 2024-11-11 00:59:53
(epstopdf)                    size: 12606817 bytes
(epstopdf)             Output file: <fig/screenshots/6/65-eps-converted-to.pdf>

(epstopdf)                    date: 2024-11-11 03:21:15
(epstopdf)                    size: 463543 bytes
(epstopdf)             Command: <repstopdf --outfile=fig/screenshots/6/65-eps-c
onverted-to.pdf fig/screenshots/6/65.eps>
(epstopdf)             \includegraphics on input line 464.
Package epstopdf Info: Output file is already uptodate.
<fig/screenshots/6/65-eps-converted-to.pdf, id=361, 1927.2pt x 1084.05pt>
File: fig/screenshots/6/65-eps-converted-to.pdf Graphic file (type pdf)
<use fig/screenshots/6/65-eps-converted-to.pdf>
Package pdftex.def Info: fig/screenshots/6/65-eps-converted-to.pdf  used on inp
ut line 464.
(pdftex.def)             Requested size: 448.07378pt x 252.03902pt.


[20 <./fig/screenshots/6/65-eps-converted-to.pdf>]
Package epstopdf Info: Source file: <fig/screenshots/6/66.eps>
(epstopdf)                    date: 2024-11-11 00:59:53
(epstopdf)                    size: 12606817 bytes
(epstopdf)             Output file: <fig/screenshots/6/66-eps-converted-to.pdf>

(epstopdf)                    date: 2024-11-11 03:21:22
(epstopdf)                    size: 471323 bytes
(epstopdf)             Command: <repstopdf --outfile=fig/screenshots/6/66-eps-c
onverted-to.pdf fig/screenshots/6/66.eps>
(epstopdf)             \includegraphics on input line 500.
Package epstopdf Info: Output file is already uptodate.
<fig/screenshots/6/66-eps-converted-to.pdf, id=385, 1927.2pt x 1084.05pt>
File: fig/screenshots/6/66-eps-converted-to.pdf Graphic file (type pdf)
<use fig/screenshots/6/66-eps-converted-to.pdf>
Package pdftex.def Info: fig/screenshots/6/66-eps-converted-to.pdf  used on inp
ut line 500.
(pdftex.def)             Requested size: 448.07378pt x 252.03902pt.


[21]

[22 <./fig/screenshots/6/66-eps-converted-to.pdf>]
Package epstopdf Info: Source file: <fig/screenshots/6/67.eps>
(epstopdf)                    date: 2024-11-11 00:59:53
(epstopdf)                    size: 12606817 bytes
(epstopdf)             Output file: <fig/screenshots/6/67-eps-converted-to.pdf>

(epstopdf)                    date: 2024-11-11 03:21:29
(epstopdf)                    size: 459330 bytes
(epstopdf)             Command: <repstopdf --outfile=fig/screenshots/6/67-eps-c
onverted-to.pdf fig/screenshots/6/67.eps>
(epstopdf)             \includegraphics on input line 516.
Package epstopdf Info: Output file is already uptodate.
<fig/screenshots/6/67-eps-converted-to.pdf, id=423, 1927.2pt x 1084.05pt>
File: fig/screenshots/6/67-eps-converted-to.pdf Graphic file (type pdf)
<use fig/screenshots/6/67-eps-converted-to.pdf>
Package pdftex.def Info: fig/screenshots/6/67-eps-converted-to.pdf  used on inp
ut line 516.
(pdftex.def)             Requested size: 448.07378pt x 252.03902pt.


[23 <./fig/screenshots/6/67-eps-converted-to.pdf>]
Package epstopdf Info: Source file: <fig/screenshots/6/68.eps>
(epstopdf)                    date: 2024-11-11 00:59:53
(epstopdf)                    size: 12606817 bytes
(epstopdf)             Output file: <fig/screenshots/6/68-eps-converted-to.pdf>

(epstopdf)                    date: 2024-11-11 03:21:36
(epstopdf)                    size: 518262 bytes
(epstopdf)             Command: <repstopdf --outfile=fig/screenshots/6/68-eps-c
onverted-to.pdf fig/screenshots/6/68.eps>
(epstopdf)             \includegraphics on input line 537.
Package epstopdf Info: Output file is already uptodate.
<fig/screenshots/6/68-eps-converted-to.pdf, id=436, 1927.2pt x 1084.05pt>
File: fig/screenshots/6/68-eps-converted-to.pdf Graphic file (type pdf)
<use fig/screenshots/6/68-eps-converted-to.pdf>
Package pdftex.def Info: fig/screenshots/6/68-eps-converted-to.pdf  used on inp
ut line 537.
(pdftex.def)             Requested size: 448.07378pt x 252.03902pt.


[24 <./fig/screenshots/6/68-eps-converted-to.pdf>]
Package epstopdf Info: Source file: <fig/screenshots/6/69.eps>
(epstopdf)                    date: 2024-11-11 00:59:53
(epstopdf)                    size: 12606817 bytes
(epstopdf)             Output file: <fig/screenshots/6/69-eps-converted-to.pdf>

(epstopdf)                    date: 2024-11-11 03:21:43
(epstopdf)                    size: 473614 bytes
(epstopdf)             Command: <repstopdf --outfile=fig/screenshots/6/69-eps-c
onverted-to.pdf fig/screenshots/6/69.eps>
(epstopdf)             \includegraphics on input line 564.
Package epstopdf Info: Output file is already uptodate.
<fig/screenshots/6/69-eps-converted-to.pdf, id=458, 1927.2pt x 1084.05pt>
File: fig/screenshots/6/69-eps-converted-to.pdf Graphic file (type pdf)
<use fig/screenshots/6/69-eps-converted-to.pdf>
Package pdftex.def Info: fig/screenshots/6/69-eps-converted-to.pdf  used on inp
ut line 564.
(pdftex.def)             Requested size: 448.07378pt x 252.03902pt.


[25 <./fig/screenshots/6/69-eps-converted-to.pdf>]
Package epstopdf Info: Source file: <fig/screenshots/6/71.eps>
(epstopdf)                    date: 2024-11-11 00:59:53
(epstopdf)                    size: 12606817 bytes
(epstopdf)             Output file: <fig/screenshots/6/71-eps-converted-to.pdf>

(epstopdf)                    date: 2024-11-11 03:21:57
(epstopdf)                    size: 379699 bytes
(epstopdf)             Command: <repstopdf --outfile=fig/screenshots/6/71-eps-c
onverted-to.pdf fig/screenshots/6/71.eps>
(epstopdf)             \includegraphics on input line 594.
Package epstopdf Info: Output file is already uptodate.
<fig/screenshots/6/71-eps-converted-to.pdf, id=484, 1927.2pt x 1084.05pt>
File: fig/screenshots/6/71-eps-converted-to.pdf Graphic file (type pdf)
<use fig/screenshots/6/71-eps-converted-to.pdf>
Package pdftex.def Info: fig/screenshots/6/71-eps-converted-to.pdf  used on inp
ut line 594.
(pdftex.def)             Requested size: 448.07378pt x 252.03902pt.


[26 <./fig/screenshots/6/71-eps-converted-to.pdf>]
Package epstopdf Info: Source file: <fig/screenshots/6/74.eps>
(epstopdf)                    date: 2024-11-11 00:59:53
(epstopdf)                    size: 12606817 bytes
(epstopdf)             Output file: <fig/screenshots/6/74-eps-converted-to.pdf>

(epstopdf)                    date: 2024-11-11 03:22:04
(epstopdf)                    size: 434635 bytes
(epstopdf)             Command: <repstopdf --outfile=fig/screenshots/6/74-eps-c
onverted-to.pdf fig/screenshots/6/74.eps>
(epstopdf)             \includegraphics on input line 644.
Package epstopdf Info: Output file is already uptodate.
<fig/screenshots/6/74-eps-converted-to.pdf, id=513, 1927.2pt x 1084.05pt>
File: fig/screenshots/6/74-eps-converted-to.pdf Graphic file (type pdf)
<use fig/screenshots/6/74-eps-converted-to.pdf>
Package pdftex.def Info: fig/screenshots/6/74-eps-converted-to.pdf  used on inp
ut line 644.
(pdftex.def)             Requested size: 448.07378pt x 252.03902pt.


[27]

[28 <./fig/screenshots/6/74-eps-converted-to.pdf>]
Package epstopdf Info: Source file: <fig/screenshots/6/75.eps>
(epstopdf)                    date: 2024-11-11 00:59:53
(epstopdf)                    size: 12606817 bytes
(epstopdf)             Output file: <fig/screenshots/6/75-eps-converted-to.pdf>

(epstopdf)                    date: 2024-11-11 03:22:11
(epstopdf)                    size: 357535 bytes
(epstopdf)             Command: <repstopdf --outfile=fig/screenshots/6/75-eps-c
onverted-to.pdf fig/screenshots/6/75.eps>
(epstopdf)             \includegraphics on input line 664.
Package epstopdf Info: Output file is already uptodate.
<fig/screenshots/6/75-eps-converted-to.pdf, id=567, 1927.2pt x 1084.05pt>
File: fig/screenshots/6/75-eps-converted-to.pdf Graphic file (type pdf)
<use fig/screenshots/6/75-eps-converted-to.pdf>
Package pdftex.def Info: fig/screenshots/6/75-eps-converted-to.pdf  used on inp
ut line 664.
(pdftex.def)             Requested size: 448.07378pt x 252.03902pt.


[29 <./fig/screenshots/6/75-eps-converted-to.pdf>]
Package epstopdf Info: Source file: <fig/screenshots/7/76.eps>
(epstopdf)                    date: 2024-11-11 00:59:36
(epstopdf)                    size: 12606817 bytes
(epstopdf)             Output file: <fig/screenshots/7/76-eps-converted-to.pdf>

(epstopdf)                    date: 2024-11-11 03:22:18
(epstopdf)                    size: 365150 bytes
(epstopdf)             Command: <repstopdf --outfile=fig/screenshots/7/76-eps-c
onverted-to.pdf fig/screenshots/7/76.eps>
(epstopdf)             \includegraphics on input line 678.
Package epstopdf Info: Output file is already uptodate.
<fig/screenshots/7/76-eps-converted-to.pdf, id=586, 1927.2pt x 1084.05pt>
File: fig/screenshots/7/76-eps-converted-to.pdf Graphic file (type pdf)
<use fig/screenshots/7/76-eps-converted-to.pdf>
Package pdftex.def Info: fig/screenshots/7/76-eps-converted-to.pdf  used on inp
ut line 678.
(pdftex.def)             Requested size: 448.07378pt x 252.03902pt.


[30 <./fig/screenshots/7/76-eps-converted-to.pdf>]
Package epstopdf Info: Source file: <fig/screenshots/7/77.eps>
(epstopdf)                    date: 2024-11-11 11:40:39
(epstopdf)                    size: 12606825 bytes
(epstopdf)             Output file: <fig/screenshots/7/77-eps-converted-to.pdf>

(epstopdf)                    date: 2024-11-11 11:43:00
(epstopdf)                    size: 235135 bytes
(epstopdf)             Command: <repstopdf --outfile=fig/screenshots/7/77-eps-c
onverted-to.pdf fig/screenshots/7/77.eps>
(epstopdf)             \includegraphics on input line 691.
Package epstopdf Info: Output file is already uptodate.
<fig/screenshots/7/77-eps-converted-to.pdf, id=598, 1927.2pt x 1084.05pt>
File: fig/screenshots/7/77-eps-converted-to.pdf Graphic file (type pdf)
<use fig/screenshots/7/77-eps-converted-to.pdf>
Package pdftex.def Info: fig/screenshots/7/77-eps-converted-to.pdf  used on inp
ut line 691.
(pdftex.def)             Requested size: 448.07378pt x 252.03902pt.


[31 <./fig/screenshots/7/77-eps-converted-to.pdf>]
Package epstopdf Info: Source file: <fig/screenshots/7/78.eps>
(epstopdf)                    date: 2024-11-11 00:59:36
(epstopdf)                    size: 12606817 bytes
(epstopdf)             Output file: <fig/screenshots/7/78-eps-converted-to.pdf>

(epstopdf)                    date: 2024-11-11 03:22:32
(epstopdf)                    size: 443856 bytes
(epstopdf)             Command: <repstopdf --outfile=fig/screenshots/7/78-eps-c
onverted-to.pdf fig/screenshots/7/78.eps>
(epstopdf)             \includegraphics on input line 703.
Package epstopdf Info: Output file is already uptodate.
<fig/screenshots/7/78-eps-converted-to.pdf, id=610, 1927.2pt x 1084.05pt>
File: fig/screenshots/7/78-eps-converted-to.pdf Graphic file (type pdf)
<use fig/screenshots/7/78-eps-converted-to.pdf>
Package pdftex.def Info: fig/screenshots/7/78-eps-converted-to.pdf  used on inp
ut line 703.
(pdftex.def)             Requested size: 448.07378pt x 252.03902pt.


[32 <./fig/screenshots/7/78-eps-converted-to.pdf>]
Package epstopdf Info: Source file: <fig/screenshots/7/79.eps>
(epstopdf)                    date: 2024-11-11 00:59:36
(epstopdf)                    size: 12606817 bytes
(epstopdf)             Output file: <fig/screenshots/7/79-eps-converted-to.pdf>

(epstopdf)                    date: 2024-11-11 03:22:39
(epstopdf)                    size: 441710 bytes
(epstopdf)             Command: <repstopdf --outfile=fig/screenshots/7/79-eps-c
onverted-to.pdf fig/screenshots/7/79.eps>
(epstopdf)             \includegraphics on input line 716.
Package epstopdf Info: Output file is already uptodate.
<fig/screenshots/7/79-eps-converted-to.pdf, id=622, 1927.2pt x 1084.05pt>
File: fig/screenshots/7/79-eps-converted-to.pdf Graphic file (type pdf)
<use fig/screenshots/7/79-eps-converted-to.pdf>
Package pdftex.def Info: fig/screenshots/7/79-eps-converted-to.pdf  used on inp
ut line 716.
(pdftex.def)             Requested size: 448.07378pt x 252.03902pt.


[33 <./fig/screenshots/7/79-eps-converted-to.pdf>]
Package epstopdf Info: Source file: <fig/screenshots/7/80.eps>
(epstopdf)                    date: 2024-11-11 00:59:36
(epstopdf)                    size: 12606817 bytes
(epstopdf)             Output file: <fig/screenshots/7/80-eps-converted-to.pdf>

(epstopdf)                    date: 2024-11-11 03:22:46
(epstopdf)                    size: 439528 bytes
(epstopdf)             Command: <repstopdf --outfile=fig/screenshots/7/80-eps-c
onverted-to.pdf fig/screenshots/7/80.eps>
(epstopdf)             \includegraphics on input line 729.
Package epstopdf Info: Output file is already uptodate.
<fig/screenshots/7/80-eps-converted-to.pdf, id=634, 1927.2pt x 1084.05pt>
File: fig/screenshots/7/80-eps-converted-to.pdf Graphic file (type pdf)
<use fig/screenshots/7/80-eps-converted-to.pdf>
Package pdftex.def Info: fig/screenshots/7/80-eps-converted-to.pdf  used on inp
ut line 729.
(pdftex.def)             Requested size: 448.07378pt x 252.03902pt.


[34 <./fig/screenshots/7/80-eps-converted-to.pdf>]
Package epstopdf Info: Source file: <fig/screenshots/7/81.eps>
(epstopdf)                    date: 2024-11-11 00:59:36
(epstopdf)                    size: 12606817 bytes
(epstopdf)             Output file: <fig/screenshots/7/81-eps-converted-to.pdf>

(epstopdf)                    date: 2024-11-11 03:22:53
(epstopdf)                    size: 447700 bytes
(epstopdf)             Command: <repstopdf --outfile=fig/screenshots/7/81-eps-c
onverted-to.pdf fig/screenshots/7/81.eps>
(epstopdf)             \includegraphics on input line 747.
Package epstopdf Info: Output file is already uptodate.
<fig/screenshots/7/81-eps-converted-to.pdf, id=647, 1927.2pt x 1084.05pt>
File: fig/screenshots/7/81-eps-converted-to.pdf Graphic file (type pdf)
<use fig/screenshots/7/81-eps-converted-to.pdf>
Package pdftex.def Info: fig/screenshots/7/81-eps-converted-to.pdf  used on inp
ut line 747.
(pdftex.def)             Requested size: 448.07378pt x 252.03902pt.


[35 <./fig/screenshots/7/81-eps-converted-to.pdf>]
Package epstopdf Info: Source file: <fig/screenshots/7/82.eps>
(epstopdf)                    date: 2024-11-11 00:59:36
(epstopdf)                    size: 12606817 bytes
(epstopdf)             Output file: <fig/screenshots/7/82-eps-converted-to.pdf>

(epstopdf)                    date: 2024-11-11 03:23:00
(epstopdf)                    size: 448827 bytes
(epstopdf)             Command: <repstopdf --outfile=fig/screenshots/7/82-eps-c
onverted-to.pdf fig/screenshots/7/82.eps>
(epstopdf)             \includegraphics on input line 759.
Package epstopdf Info: Output file is already uptodate.
<fig/screenshots/7/82-eps-converted-to.pdf, id=664, 1927.2pt x 1084.05pt>
File: fig/screenshots/7/82-eps-converted-to.pdf Graphic file (type pdf)
<use fig/screenshots/7/82-eps-converted-to.pdf>
Package pdftex.def Info: fig/screenshots/7/82-eps-converted-to.pdf  used on inp
ut line 759.
(pdftex.def)             Requested size: 448.07378pt x 252.03902pt.


[36 <./fig/screenshots/7/82-eps-converted-to.pdf>]
Package epstopdf Info: Source file: <fig/screenshots/7/83.eps>
(epstopdf)                    date: 2024-11-11 00:59:36
(epstopdf)                    size: 12606817 bytes
(epstopdf)             Output file: <fig/screenshots/7/83-eps-converted-to.pdf>

(epstopdf)                    date: 2024-11-11 03:23:07
(epstopdf)                    size: 443569 bytes
(epstopdf)             Command: <repstopdf --outfile=fig/screenshots/7/83-eps-c
onverted-to.pdf fig/screenshots/7/83.eps>
(epstopdf)             \includegraphics on input line 772.
Package epstopdf Info: Output file is already uptodate.
<fig/screenshots/7/83-eps-converted-to.pdf, id=676, 1927.2pt x 1084.05pt>
File: fig/screenshots/7/83-eps-converted-to.pdf Graphic file (type pdf)
<use fig/screenshots/7/83-eps-converted-to.pdf>
Package pdftex.def Info: fig/screenshots/7/83-eps-converted-to.pdf  used on inp
ut line 772.
(pdftex.def)             Requested size: 448.07378pt x 252.03902pt.


[37 <./fig/screenshots/7/83-eps-converted-to.pdf>]
Package epstopdf Info: Source file: <fig/screenshots/7/84.eps>
(epstopdf)                    date: 2024-11-11 00:59:37
(epstopdf)                    size: 12606817 bytes
(epstopdf)             Output file: <fig/screenshots/7/84-eps-converted-to.pdf>

(epstopdf)                    date: 2024-11-11 03:23:14
(epstopdf)                    size: 447262 bytes
(epstopdf)             Command: <repstopdf --outfile=fig/screenshots/7/84-eps-c
onverted-to.pdf fig/screenshots/7/84.eps>
(epstopdf)             \includegraphics on input line 784.
Package epstopdf Info: Output file is already uptodate.
<fig/screenshots/7/84-eps-converted-to.pdf, id=688, 1927.2pt x 1084.05pt>
File: fig/screenshots/7/84-eps-converted-to.pdf Graphic file (type pdf)
<use fig/screenshots/7/84-eps-converted-to.pdf>
Package pdftex.def Info: fig/screenshots/7/84-eps-converted-to.pdf  used on inp
ut line 784.
(pdftex.def)             Requested size: 448.07378pt x 252.03902pt.


[38 <./fig/screenshots/7/84-eps-converted-to.pdf>]
Package epstopdf Info: Source file: <fig/screenshots/7/85.eps>
(epstopdf)                    date: 2024-11-11 00:59:37
(epstopdf)                    size: 12606817 bytes
(epstopdf)             Output file: <fig/screenshots/7/85-eps-converted-to.pdf>

(epstopdf)                    date: 2024-11-11 03:23:22
(epstopdf)                    size: 442501 bytes
(epstopdf)             Command: <repstopdf --outfile=fig/screenshots/7/85-eps-c
onverted-to.pdf fig/screenshots/7/85.eps>
(epstopdf)             \includegraphics on input line 796.
Package epstopdf Info: Output file is already uptodate.
<fig/screenshots/7/85-eps-converted-to.pdf, id=699, 1927.2pt x 1084.05pt>
File: fig/screenshots/7/85-eps-converted-to.pdf Graphic file (type pdf)
<use fig/screenshots/7/85-eps-converted-to.pdf>
Package pdftex.def Info: fig/screenshots/7/85-eps-converted-to.pdf  used on inp
ut line 796.
(pdftex.def)             Requested size: 448.07378pt x 252.03902pt.


[39 <./fig/screenshots/7/85-eps-converted-to.pdf>]
Package epstopdf Info: Source file: <fig/screenshots/7/86.eps>
(epstopdf)                    date: 2024-11-11 00:59:37
(epstopdf)                    size: 12606817 bytes
(epstopdf)             Output file: <fig/screenshots/7/86-eps-converted-to.pdf>

(epstopdf)                    date: 2024-11-11 03:23:29
(epstopdf)                    size: 447732 bytes
(epstopdf)             Command: <repstopdf --outfile=fig/screenshots/7/86-eps-c
onverted-to.pdf fig/screenshots/7/86.eps>
(epstopdf)             \includegraphics on input line 808.
Package epstopdf Info: Output file is already uptodate.
<fig/screenshots/7/86-eps-converted-to.pdf, id=710, 1927.2pt x 1084.05pt>
File: fig/screenshots/7/86-eps-converted-to.pdf Graphic file (type pdf)
<use fig/screenshots/7/86-eps-converted-to.pdf>
Package pdftex.def Info: fig/screenshots/7/86-eps-converted-to.pdf  used on inp
ut line 808.
(pdftex.def)             Requested size: 448.07378pt x 252.03902pt.


[40 <./fig/screenshots/7/86-eps-converted-to.pdf>]
Package epstopdf Info: Source file: <fig/screenshots/7/88.eps>
(epstopdf)                    date: 2024-11-11 00:59:37
(epstopdf)                    size: 12606817 bytes
(epstopdf)             Output file: <fig/screenshots/7/88-eps-converted-to.pdf>

(epstopdf)                    date: 2024-11-11 03:23:36
(epstopdf)                    size: 470284 bytes
(epstopdf)             Command: <repstopdf --outfile=fig/screenshots/7/88-eps-c
onverted-to.pdf fig/screenshots/7/88.eps>
(epstopdf)             \includegraphics on input line 824.
Package epstopdf Info: Output file is already uptodate.
<fig/screenshots/7/88-eps-converted-to.pdf, id=721, 1927.2pt x 1084.05pt>
File: fig/screenshots/7/88-eps-converted-to.pdf Graphic file (type pdf)
<use fig/screenshots/7/88-eps-converted-to.pdf>
Package pdftex.def Info: fig/screenshots/7/88-eps-converted-to.pdf  used on inp
ut line 824.
(pdftex.def)             Requested size: 448.07378pt x 252.03902pt.


[41 <./fig/screenshots/7/88-eps-converted-to.pdf>]
Package epstopdf Info: Source file: <fig/screenshots/7/89.eps>
(epstopdf)                    date: 2024-11-11 00:59:37
(epstopdf)                    size: 12606817 bytes
(epstopdf)             Output file: <fig/screenshots/7/89-eps-converted-to.pdf>

(epstopdf)                    date: 2024-11-11 03:23:43
(epstopdf)                    size: 459311 bytes
(epstopdf)             Command: <repstopdf --outfile=fig/screenshots/7/89-eps-c
onverted-to.pdf fig/screenshots/7/89.eps>
(epstopdf)             \includegraphics on input line 837.
Package epstopdf Info: Output file is already uptodate.
<fig/screenshots/7/89-eps-converted-to.pdf, id=736, 1927.2pt x 1084.05pt>
File: fig/screenshots/7/89-eps-converted-to.pdf Graphic file (type pdf)
<use fig/screenshots/7/89-eps-converted-to.pdf>
Package pdftex.def Info: fig/screenshots/7/89-eps-converted-to.pdf  used on inp
ut line 837.
(pdftex.def)             Requested size: 448.07378pt x 252.03902pt.


[42 <./fig/screenshots/7/89-eps-converted-to.pdf>]
Package epstopdf Info: Source file: <fig/screenshots/7/90.eps>
(epstopdf)                    date: 2024-11-11 00:59:37
(epstopdf)                    size: 12606817 bytes
(epstopdf)             Output file: <fig/screenshots/7/90-eps-converted-to.pdf>

(epstopdf)                    date: 2024-11-11 03:23:50
(epstopdf)                    size: 569522 bytes
(epstopdf)             Command: <repstopdf --outfile=fig/screenshots/7/90-eps-c
onverted-to.pdf fig/screenshots/7/90.eps>
(epstopdf)             \includegraphics on input line 850.
Package epstopdf Info: Output file is already uptodate.
<fig/screenshots/7/90-eps-converted-to.pdf, id=749, 1927.2pt x 1084.05pt>
File: fig/screenshots/7/90-eps-converted-to.pdf Graphic file (type pdf)
<use fig/screenshots/7/90-eps-converted-to.pdf>
Package pdftex.def Info: fig/screenshots/7/90-eps-converted-to.pdf  used on inp
ut line 850.
(pdftex.def)             Requested size: 448.07378pt x 252.03902pt.


[43 <./fig/screenshots/7/90-eps-converted-to.pdf>]
Package epstopdf Info: Source file: <fig/screenshots/7/91.eps>
(epstopdf)                    date: 2024-11-11 00:59:37
(epstopdf)                    size: 12606817 bytes
(epstopdf)             Output file: <fig/screenshots/7/91-eps-converted-to.pdf>

(epstopdf)                    date: 2024-11-11 03:23:57
(epstopdf)                    size: 451237 bytes
(epstopdf)             Command: <repstopdf --outfile=fig/screenshots/7/91-eps-c
onverted-to.pdf fig/screenshots/7/91.eps>
(epstopdf)             \includegraphics on input line 869.
Package epstopdf Info: Output file is already uptodate.
<fig/screenshots/7/91-eps-converted-to.pdf, id=761, 1927.2pt x 1084.05pt>
File: fig/screenshots/7/91-eps-converted-to.pdf Graphic file (type pdf)
<use fig/screenshots/7/91-eps-converted-to.pdf>
Package pdftex.def Info: fig/screenshots/7/91-eps-converted-to.pdf  used on inp
ut line 869.
(pdftex.def)             Requested size: 448.07378pt x 252.03902pt.


[44 <./fig/screenshots/7/91-eps-converted-to.pdf>] (./main.aux)
 ***********
LaTeX2e <2024-06-01> patch level 2
L3 programming layer <2024-09-10>
 ***********
Package rerunfilecheck Info: File `main.out' has not changed.
(rerunfilecheck)             Checksum: 4D00FAB3397AC76370FFE05E881B5943;715.
 )
(\end occurred inside a group at level 1)

### semi simple group (level 1) entered at line 72 (\begingroup)
### bottom level 
Here is how much of TeX's memory you used:
 23202 strings out of 473578
 430775 string characters out of 5732242
 1037322 words of memory out of 5000000
 45294 multiletter control sequences out of 15000+600000
 592163 words of font info for 63 fonts, out of 8000000 for 9000
 1141 hyphenation exceptions out of 8191
 84i,6n,93p,406b,1607s stack positions out of 10000i,1000n,20000p,200000b,200000s
<c:/texlive/2024/texmf-dist/fonts/type1/urw/times/utmb8a.pfb><c
:/texlive/2024/texmf-dist/fonts/type1/urw/times/utmr8a.pfb><c:/texlive/2024/tex
mf-dist/fonts/type1/urw/times/utmri8a.pfb>
Output written on main.pdf (45 pages, 13002646 bytes).
PDF statistics:
 893 PDF objects out of 1000 (max. 8388607)
 731 compressed objects within 8 object streams
 450 named destinations out of 1000 (max. 500000)
 324 words of extra memory for PDF output out of 10000 (max. 10000000)

